ARM Linker, 5.03 [Build 76] [MDK-ARM Standard]

==============================================================================

Section Cross References

    main.o(.text) refers to ult.o(.text) for Systick_Init
    main.o(.text) refers to device.o(.text) for GPIO_Configuration
    main.o(.text) refers to usart.o(.text) for USART1_Init
    main.o(.text) refers to printf8.o(i.__0printf$8) for __2printf
    main.o(.text) refers to spi2.o(.text) for WIZ_SPI_Init
    main.o(.text) refers to stm32f10x_gpio.o(.text) for GPIO_ReadInputDataBit
    main.o(.text) refers to flash.o(.text) for DefaultSet
    main.o(.text) refers to httpult.o(.text) for do_http
    main.o(.text) refers to device.o(.bss) for ConfigMsg
    main.o(.text) refers to main.o(.data) for reboot_flag
    system_stm32f10x.o(.text) refers to system_stm32f10x.o(.data) for SystemCoreClock
    startup_stm32f10x_hd.o(RESET) refers to startup_stm32f10x_hd.o(STACK) for __initial_sp
    startup_stm32f10x_hd.o(RESET) refers to startup_stm32f10x_hd.o(.text) for Reset_Handler
    startup_stm32f10x_hd.o(RESET) refers to stm32f10x_it.o(.text) for NMI_Handler
    startup_stm32f10x_hd.o(.text) refers to system_stm32f10x.o(.text) for SystemInit
    startup_stm32f10x_hd.o(.text) refers to entry.o(.ARM.Collect$$$$00000000) for __main
    stm32f10x_bkp.o(.text) refers to stm32f10x_rcc.o(.text) for RCC_BackupResetCmd
    stm32f10x_gpio.o(.text) refers to stm32f10x_rcc.o(.text) for RCC_APB2PeriphResetCmd
    stm32f10x_rcc.o(.text) refers to stm32f10x_rcc.o(.data) for APBAHBPrescTable
    stm32f10x_spi.o(.text) refers to stm32f10x_rcc.o(.text) for RCC_APB2PeriphResetCmd
    stm32f10x_tim.o(.text) refers to stm32f10x_rcc.o(.text) for RCC_APB2PeriphResetCmd
    stm32f10x_usart.o(.text) refers to stm32f10x_rcc.o(.text) for RCC_APB2PeriphResetCmd
    flash.o(.text) refers to stm32f10x_flash.o(.text) for FLASH_ProgramHalfWord
    flash.o(.text) refers to flash.o(.bss) for STMFLASH_BUF
    flash.o(.text) refers to device.o(.bss) for ConfigMsg
    device.o(.text) refers to stm32f10x_rcc.o(.text) for RCC_APB2PeriphClockCmd
    device.o(.text) refers to stm32f10x_gpio.o(.text) for GPIO_Init
    device.o(.text) refers to ult.o(.text) for Delay_us
    device.o(.text) refers to w5500.o(.text) for setSHAR
    device.o(.text) refers to printf8.o(i.__0printf$8) for __2printf
    device.o(.text) refers to flash.o(.text) for STMFLASH_Write
    device.o(.text) refers to memcpya.o(.text) for __aeabi_memcpy
    device.o(.text) refers to device.o(.bss) for ConfigMsg
    device.o(.text) refers to device.o(.data) for rxsize
    httpd.o(.text) refers to ult.o(.text) for C2D
    httpd.o(.text) refers to memseta.o(.text) for __aeabi_memclr
    httpd.o(.text) refers to printf8.o(i.__0sprintf$8) for __2sprintf
    httpd.o(.text) refers to strcpy.o(.text) for strcpy
    httpd.o(.text) refers to strcat.o(.text) for strcat
    httpd.o(.text) refers to strstr.o(.text) for strstr
    httpd.o(.text) refers to strtok.o(.text) for strtok
    httpd.o(.text) refers to strcmp.o(.text) for strcmp
    httpd.o(.text) refers to strlen.o(.text) for strlen
    httpd.o(.text) refers to strncpy.o(.text) for strncpy
    httpd.o(.text) refers to httpd.o(.constdata) for .constdata
    httpd.o(.text) refers to device.o(.bss) for pub_buf
    httpult.o(.text) refers to printf8.o(i.__0sprintf$8) for __2sprintf
    httpult.o(.text) refers to httpd.o(.text) for get_http_param_value
    httpult.o(.text) refers to ult.o(.text) for inet_addr_
    httpult.o(.text) refers to strcpy.o(.text) for strcpy
    httpult.o(.text) refers to memcmp.o(.text) for memcmp
    httpult.o(.text) refers to device.o(.text) for write_config_to_eeprom
    httpult.o(.text) refers to memseta.o(.text) for __aeabi_memclr4
    httpult.o(.text) refers to memcpya.o(.text) for __aeabi_memcpy
    httpult.o(.text) refers to strlen.o(.text) for strlen
    httpult.o(.text) refers to socket.o(.text) for send
    httpult.o(.text) refers to strcmp.o(.text) for strcmp
    httpult.o(.text) refers to w5500.o(.text) for getSn_SR
    httpult.o(.text) refers to httpult.o(.constdata) for .constdata
    httpult.o(.text) refers to device.o(.bss) for ConfigMsg
    httpult.o(.text) refers to httpd.o(.bss) for tx_buf
    httpult.o(.text) refers to main.o(.data) for reboot_flag
    md5.o(.text) refers to memseta.o(.text) for __aeabi_memclr4
    md5.o(.text) refers to memcpya.o(.text) for __aeabi_memcpy
    md5.o(.text) refers to md5.o(.data) for padding
    socket.o(.text) refers to w5500.o(.text) for IINCHIP_WRITE
    socket.o(.text) refers to printf8.o(i.__0printf$8) for __2printf
    socket.o(.text) refers to socket.o(.data) for local_port
    spi2.o(.text) refers to stm32f10x_rcc.o(.text) for RCC_APB1PeriphClockCmd
    spi2.o(.text) refers to stm32f10x_gpio.o(.text) for GPIO_Init
    spi2.o(.text) refers to stm32f10x_spi.o(.text) for SPI_Init
    ult.o(.text) refers to memseta.o(.text) for __aeabi_memset
    ult.o(.text) refers to strstr.o(.text) for strstr
[...]
    printfb.o(i.__0vfprintf$bare) refers to printfb.o(i._printf_core) for _printf_core
    printfb.o(i.__0vfprintf$bare) refers to usart.o(.text) for fputc
    printfb.o(i.__0vprintf$bare) refers to printfb.o(i._printf_core) for _printf_core
    printfb.o(i.__0vprintf$bare) refers to usart.o(.text) for fputc
    printfb.o(i.__0vprintf$bare) refers to stdout.o(.data) for __stdout
    printfb.o(i.__0vsnprintf$bare) refers to printfb.o(i._printf_core) for _printf_core
    printfb.o(i.__0vsnprintf$bare) refers to printfb.o(i._snputc) for _snputc
    printfb.o(i.__0vsprintf$bare) refers to printfb.o(i._printf_core) for _printf_core
    printfb.o(i.__0vsprintf$bare) refers to printfb.o(i._sputc) for _sputc
    printf0.o(i.__0fprintf$0) refers to printf0.o(i._printf_core) for _printf_core
    printf0.o(i.__0fprintf$0) refers to usart.o(.text) for fputc
    printf0.o(i.__0printf$0) refers to printf0.o(i._printf_core) for _printf_core
    printf0.o(i.__0printf$0) refers to usart.o(.text) for fputc
    printf0.o(i.__0printf$0) refers to stdout.o(.data) for __stdout
    printf0.o(i.__0snprintf$0) refers to printf0.o(i._printf_core) for _printf_core
    printf0.o(i.__0snprintf$0) refers to printf0.o(i._snputc) for _snputc
    printf0.o(i.__0sprintf$0) refers to printf0.o(i._printf_core) for _printf_core
    printf0.o(i.__0sprintf$0) refers to printf0.o(i._sputc) for _sputc
    printf0.o(i.__0vfprintf$0) refers to printf0.o(i._printf_core) for _printf_core
    printf0.o(i.__0vfprintf$0) refers to usart.o(.text) for fputc
    printf0.o(i.__0vprintf$0) refers to printf0.o(i._printf_core) for _printf_core
    printf0.o(i.__0vprintf$0) refers to usart.o(.text) for fputc
    printf0.o(i.__0vprintf$0) refers to stdout.o(.data) for __stdout
    printf0.o(i.__0vsnprintf$0) refers to printf0.o(i._printf_core) for _printf_core
    printf0.o(i.__0vsnprintf$0) refers to printf0.o(i._snputc) for _snputc
    printf0.o(i.__0vsprintf$0) refers to printf0.o(i._printf_core) for _printf_core
    printf0.o(i.__0vsprintf$0) refers to printf0.o(i._sputc) for _sputc
    printf1.o(i.__0fprintf$1) refers to printf1.o(i._printf_core) for _printf_core
    printf1.o(i.__0fprintf$1) refers to usart.o(.text) for fputc
    printf1.o(i.__0printf$1) refers to printf1.o(i._printf_core) for _printf_core
    printf1.o(i.__0printf$1) refers to usart.o(.text) for fputc
    printf1.o(i.__0printf$1) refers to stdout.o(.data) for __stdout
    printf1.o(i.__0snprintf$1) refers to printf1.o(i._printf_core) for _printf_core
    printf1.o(i.__0snprintf$1) refers to printf1.o(i._snputc) for _snputc
    printf1.o(i.__0sprintf$1) refers to printf1.o(i._printf_core) for _printf_core
    printf1.o(i.__0sprintf$1) refers to printf1.o(i._sputc) for _sputc
    printf1.o(i.__0vfprintf$1) refers to printf1.o(i._printf_core) for _printf_core
    printf1.o(i.__0vfprintf$1) refers to usart.o(.text) for fputc
    printf1.o(i.__0vprintf$1) refers to printf1.o(i._printf_core) for _printf_core
    printf1.o(i.__0vprintf$1) refers to usart.o(.text) for fputc
    printf1.o(i.__0vprintf$1) refers to stdout.o(.data) for __stdout
    printf1.o(i.__0vsnprintf$1) refers to printf1.o(i._printf_core) for _printf_core
    printf1.o(i.__0vsnprintf$1) refers to printf1.o(i._snputc) for _snputc
    printf1.o(i.__0vsprintf$1) refers to printf1.o(i._printf_core) for _printf_core
    printf1.o(i.__0vsprintf$1) refers to printf1.o(i._sputc) for _sputc
    printf1.o(i._printf_core) refers to uidiv.o(.text) for __aeabi_uidivmod
    printf2.o(i.__0fprintf$2) refers to printf2.o(i._printf_core) for _printf_core
    printf2.o(i.__0fprintf$2) refers to usart.o(.text) for fputc
    printf2.o(i.__0printf$2) refers to printf2.o(i._printf_core) for _printf_core
    printf2.o(i.__0printf$2) refers to usart.o(.text) for fputc
    printf2.o(i.__0printf$2) refers to stdout.o(.data) for __stdout
    printf2.o(i.__0snprintf$2) refers to printf2.o(i._printf_core) for _printf_core
    printf2.o(i.__0snprintf$2) refers to printf2.o(i._snputc) for _snputc
    printf2.o(i.__0sprintf$2) refers to printf2.o(i._printf_core) for _printf_core
    printf2.o(i.__0sprintf$2) refers to printf2.o(i._sputc) for _sputc
    printf2.o(i.__0vfprintf$2) refers to printf2.o(i._printf_core) for _printf_core
    printf2.o(i.__0vfprintf$2) refers to usart.o(.text) for fputc
    printf2.o(i.__0vprintf$2) refers to printf2.o(i._printf_core) for _printf_core
    printf2.o(i.__0vprintf$2) refers to usart.o(.text) for fputc
    printf2.o(i.__0vprintf$2) refers to stdout.o(.data) for __stdout
    printf2.o(i.__0vsnprintf$2) refers to printf2.o(i._printf_core) for _printf_core
    printf2.o(i.__0vsnprintf$2) refers to printf2.o(i._snputc) for _snputc
    printf2.o(i.__0vsprintf$2) refers to printf2.o(i._printf_core) for _printf_core
    printf2.o(i.__0vsprintf$2) refers to printf2.o(i._sputc) for _sputc
    printf3.o(i.__0fprintf$3) refers to printf3.o(i._printf_core) for _printf_core
    printf3.o(i.__0fprintf$3) refers to usart.o(.text) for fputc
    printf3.o(i.__0printf$3) refers to printf3.o(i._printf_core) for _printf_core
    printf3.o(i.__0printf$3) refers to usart.o(.text) for fputc
    printf3.o(i.__0printf$3) refers to stdout.o(.data) for __stdout
    printf3.o(i.__0snprintf$3) refers to printf3.o(i._printf_core) for _printf_core
    printf3.o(i.__0snprintf$3) refers to printf3.o(i._snputc) for _snputc
    printf3.o(i.__0sprintf$3) refers to printf3.o(i._printf_core) for _printf_core
    printf3.o(i.__0sprintf$3) refers to printf3.o(i._sputc) for _sputc
    printf3.o(i.__0vfprintf$3) refers to printf3.o(i._printf_core) for _printf_core
    printf3.o(i.__0vfprintf$3) refers to usart.o(.text) for fputc
    printf3.o(i.__0vprintf$3) refers to printf3.o(i._printf_core) for _printf_core
    printf3.o(i.__0vprintf$3) refers to usart.o(.text) for fputc
    printf3.o(i.__0vprintf$3) refers to stdout.o(.data) for __stdout
    printf3.o(i.__0vsnprintf$3) refers to printf3.o(i._printf_core) for _printf_core
    printf3.o(i.__0vsnprintf$3) refers to printf3.o(i._snputc) for _snputc
    printf3.o(i.__0vsprintf$3) refers to printf3.o(i._printf_core) for _printf_core
    printf3.o(i.__0vsprintf$3) refers to printf3.o(i._sputc) for _sputc
    printf3.o(i._printf_core) refers to uidiv.o(.text) for __aeabi_uidivmod
    printf4.o(i.__0fprintf$4) refers to printf4.o(i._printf_core) for _printf_core
    printf4.o(i.__0fprintf$4) refers to usart.o(.text) for fputc
    printf4.o(i.__0printf$4) refers to printf4.o(i._printf_core) for _printf_core
    printf4.o(i.__0printf$4) refers to usart.o(.text) for fputc
    printf4.o(i.__0printf$4) refers to stdout.o(.data) for __stdout
    printf4.o(i.__0snprintf$4) refers to printf4.o(i._printf_core) for _printf_core
    printf4.o(i.__0snprintf$4) refers to printf4.o(i._snputc) for _snputc
    printf4.o(i.__0sprintf$4) refers to printf4.o(i._printf_core) for _printf_core
    printf4.o(i.__0sprintf$4) refers to printf4.o(i._sputc) for _sputc
    printf4.o(i.__0vfprintf$4) refers to printf4.o(i._printf_core) for _printf_core
    printf4.o(i.__0vfprintf$4) refers to usart.o(.text) for fputc
    printf4.o(i.__0vprintf$4) refers to printf4.o(i._printf_core) for _printf_core
    printf4.o(i.__0vprintf$4) refers to usart.o(.text) for fputc
    printf4.o(i.__0vprintf$4) refers to stdout.o(.data) for __stdout
    printf4.o(i.__0vsnprintf$4) refers to printf4.o(i._printf_core) for _printf_core
    printf4.o(i.__0vsnprintf$4) refers to printf4.o(i._snputc) for _snputc
    printf4.o(i.__0vsprintf$4) refers to printf4.o(i._printf_core) for _printf_core
    printf4.o(i.__0vsprintf$4) refers to printf4.o(i._sputc) for _sputc
    printf4.o(i._printf_core) refers to uldiv.o(.text) for __aeabi_uldivmod
    printf5.o(i.__0fprintf$5) refers to printf5.o(i._printf_core) for _printf_core
    printf5.o(i.__0fprintf$5) refers to usart.o(.text) for fputc
    printf5.o(i.__0printf$5) refers to printf5.o(i._printf_core) for _printf_core
    printf5.o(i.__0printf$5) refers to usart.o(.text) for fputc
    printf5.o(i.__0printf$5) refers to stdout.o(.data) for __stdout
    printf5.o(i.__0snprintf$5) refers to printf5.o(i._printf_core) for _printf_core
    printf5.o(i.__0snprintf$5) refers to printf5.o(i._snputc) for _snputc
    printf5.o(i.__0sprintf$5) refers to printf5.o(i._printf_core) for _printf_core
    printf5.o(i.__0sprintf$5) refers to printf5.o(i._sputc) for _sputc
    printf5.o(i.__0vfprintf$5) refers to printf5.o(i._printf_core) for _printf_core
    printf5.o(i.__0vfprintf$5) refers to usart.o(.text) for fputc
    printf5.o(i.__0vprintf$5) refers to printf5.o(i._printf_core) for _printf_core
    printf5.o(i.__0vprintf$5) refers to usart.o(.text) for fputc
    printf5.o(i.__0vprintf$5) refers to stdout.o(.data) for __stdout
    printf5.o(i.__0vsnprintf$5) refers to printf5.o(i._printf_core) for _printf_core
    printf5.o(i.__0vsnprintf$5) refers to printf5.o(i._snputc) for _snputc
    printf5.o(i.__0vsprintf$5) refers to printf5.o(i._printf_core) for _printf_core
    printf5.o(i.__0vsprintf$5) refers to printf5.o(i._sputc) for _sputc
    printf5.o(i._printf_core) refers to uldiv.o(.text) for __aeabi_uldivmod
    printf6.o(i.__0fprintf$6) refers to printf6.o(i._printf_core) for _printf_core
    printf6.o(i.__0fprintf$6) refers to usart.o(.text) for fputc
    printf6.o(i.__0printf$6) refers to printf6.o(i._printf_core) for _printf_core
    printf6.o(i.__0printf$6) refers to usart.o(.text) for fputc
    printf6.o(i.__0printf$6) refers to stdout.o(.data) for __stdout
    printf6.o(i.__0snprintf$6) refers to printf6.o(i._printf_core) for _printf_core
    printf6.o(i.__0snprintf$6) refers to printf6.o(i._snputc) for _snputc
    printf6.o(i.__0sprintf$6) refers to printf6.o(i._printf_core) for _printf_core
    printf6.o(i.__0sprintf$6) refers to printf6.o(i._sputc) for _sputc
    printf6.o(i.__0vfprintf$6) refers to printf6.o(i._printf_core) for _printf_core
    printf6.o(i.__0vfprintf$6) refers to usart.o(.text) for fputc
    printf6.o(i.__0vprintf$6) refers to printf6.o(i._printf_core) for _printf_core
    printf6.o(i.__0vprintf$6) refers to usart.o(.text) for fputc
    printf6.o(i.__0vprintf$6) refers to stdout.o(.data) for __stdout
    printf6.o(i.__0vsnprintf$6) refers to printf6.o(i._printf_core) for _printf_core
    printf6.o(i.__0vsnprintf$6) refers to printf6.o(i._snputc) for _snputc
    printf6.o(i.__0vsprintf$6) refers to printf6.o(i._printf_core) for _printf_core
    printf6.o(i.__0vsprintf$6) refers to printf6.o(i._sputc) for _sputc
    printf6.o(i._printf_core) refers to printf6.o(i._printf_pre_padding) for _printf_pre_padding
    printf6.o(i._printf_core) refers to uidiv.o(.text) for __aeabi_uidivmod
    printf6.o(i._printf_core) refers to printf6.o(i._printf_post_padding) for _printf_post_padding
    printf7.o(i.__0fprintf$7) refers to printf7.o(i._printf_core) for _printf_core
    printf7.o(i.__0fprintf$7) refers to usart.o(.text) for fputc
    printf7.o(i.__0printf$7) refers to printf7.o(i._printf_core) for _printf_core
    printf7.o(i.__0printf$7) refers to usart.o(.text) for fputc
    printf7.o(i.__0printf$7) refers to stdout.o(.data) for __stdout
    printf7.o(i.__0snprintf$7) refers to printf7.o(i._printf_core) for _printf_core
    printf7.o(i.__0snprintf$7) refers to printf7.o(i._snputc) for _snputc
    printf7.o(i.__0sprintf$7) refers to printf7.o(i._printf_core) for _printf_core
    printf7.o(i.__0sprintf$7) refers to printf7.o(i._sputc) for _sputc
    printf7.o(i.__0vfprintf$7) refers to printf7.o(i._printf_core) for _printf_core
    printf7.o(i.__0vfprintf$7) refers to usart.o(.text) for fputc
    printf7.o(i.__0vprintf$7) refers to printf7.o(i._printf_core) for _printf_core
    printf7.o(i.__0vprintf$7) refers to usart.o(.text) for fputc
    printf7.o(i.__0vprintf$7) refers to stdout.o(.data) for __stdout
    printf7.o(i.__0vsnprintf$7) refers to printf7.o(i._printf_core) for _printf_core
    printf7.o(i.__0vsnprintf$7) refers to printf7.o(i._snputc) for _snputc
    printf7.o(i.__0vsprintf$7) refers to printf7.o(i._printf_core) for _printf_core
    printf7.o(i.__0vsprintf$7) refers to printf7.o(i._sputc) for _sputc
    printf7.o(i._printf_core) refers to printf7.o(i._printf_pre_padding) for _printf_pre_padding
    printf7.o(i._printf_core) refers to uldiv.o(.text) for __aeabi_uldivmod
    printf7.o(i._printf_core) refers to printf7.o(i._printf_post_padding) for _printf_post_padding
    printf8.o(i.__0fprintf$8) refers to printf8.o(i._printf_core) for _printf_core
    printf8.o(i.__0fprintf$8) refers to usart.o(.text) for fputc
    printf8.o(i.__0printf$8) refers to printf8.o(i._printf_core) for _printf_core
    printf8.o(i.__0printf$8) refers to usart.o(.text) for fputc
    printf8.o(i.__0printf$8) refers to stdout.o(.data) for __stdout
    printf8.o(i.__0snprintf$8) refers to printf8.o(i._printf_core) for _printf_core
    printf8.o(i.__0snprintf$8) refers to printf8.o(i._snputc) for _snputc
    printf8.o(i.__0sprintf$8) refers to printf8.o(i._printf_core) for _printf_core
    printf8.o(i.__0sprintf$8) refers to printf8.o(i._sputc) for _sputc
    printf8.o(i.__0vfprintf$8) refers to printf8.o(i._printf_core) for _printf_core
    printf8.o(i.__0vfprintf$8) refers to usart.o(.text) for fputc
    printf8.o(i.__0vprintf$8) refers to printf8.o(i._printf_core) for _printf_core
    printf8.o(i.__0vprintf$8) refers to usart.o(.text) for fputc
    printf8.o(i.__0vprintf$8) refers to stdout.o(.data) for __stdout
    printf8.o(i.__0vsnprintf$8) refers to printf8.o(i._printf_core) for _printf_core
    printf8.o(i.__0vsnprintf$8) refers to printf8.o(i._snputc) for _snputc
    printf8.o(i.__0vsprintf$8) refers to printf8.o(i._printf_core) for _printf_core
    printf8.o(i.__0vsprintf$8) refers to printf8.o(i._sputc) for _sputc
    printf8.o(i._printf_core) refers to printf8.o(i._printf_pre_padding) for _printf_pre_padding
    printf8.o(i._printf_core) refers to uldiv.o(.text) for __aeabi_uldivmod
    printf8.o(i._printf_core) refers to printf8.o(i._printf_post_padding) for _printf_post_padding
    printfa.o(i.__0fprintf) refers (Special) to iusefp.o(.text) for __I$use$fp
    printfa.o(i.__0fprintf) refers to printfa.o(i._printf_core) for _printf_core
    printfa.o(i.__0fprintf) refers to usart.o(.text) for fputc
    printfa.o(i.__0printf) refers (Special) to iusefp.o(.text) for __I$use$fp
    printfa.o(i.__0printf) refers to printfa.o(i._printf_core) for _printf_core
    printfa.o(i.__0printf) refers to usart.o(.text) for fputc
    printfa.o(i.__0printf) refers to stdout.o(.data) for __stdout
    printfa.o(i.__0snprintf) refers (Special) to iusefp.o(.text) for __I$use$fp
    printfa.o(i.__0snprintf) refers to printfa.o(i._printf_core) for _printf_core
    printfa.o(i.__0snprintf) refers to printfa.o(i._snputc) for _snputc
    printfa.o(i.__0sprintf) refers (Special) to iusefp.o(.text) for __I$use$fp
    printfa.o(i.__0sprintf) refers to printfa.o(i._printf_core) for _printf_core
    printfa.o(i.__0sprintf) refers to printfa.o(i._sputc) for _sputc
    printfa.o(i.__0vfprintf) refers (Special) to iusefp.o(.text) for __I$use$fp
    printfa.o(i.__0vfprintf) refers to printfa.o(i._printf_core) for _printf_core
    printfa.o(i.__0vfprintf) refers to usart.o(.text) for fputc
    printfa.o(i.__0vprintf) refers (Special) to iusefp.o(.text) for __I$use$fp
    printfa.o(i.__0vprintf) refers to printfa.o(i._printf_core) for _printf_core
    printfa.o(i.__0vprintf) refers to usart.o(.text) for fputc
    printfa.o(i.__0vprintf) refers to stdout.o(.data) for __stdout
    printfa.o(i.__0vsnprintf) refers (Special) to iusefp.o(.text) for __I$use$fp
    printfa.o(i.__0vsnprintf) refers to printfa.o(i._printf_core) for _printf_core
    printfa.o(i.__0vsnprintf) refers to printfa.o(i._snputc) for _snputc
    printfa.o(i.__0vsprintf) refers (Special) to iusefp.o(.text) for __I$use$fp
    printfa.o(i.__0vsprintf) refers to printfa.o(i._printf_core) for _printf_core
    printfa.o(i.__0vsprintf) refers to printfa.o(i._sputc) for _sputc
    printfa.o(i._fp_digits) refers (Special) to iusefp.o(.text) for __I$use$fp
    printfa.o(i._fp_digits) refers to dmul.o(.text) for __aeabi_dmul
    printfa.o(i._fp_digits) refers to ddiv.o(.text) for __aeabi_ddiv
    printfa.o(i._fp_digits) refers to cdrcmple.o(.text) for __aeabi_cdrcmple
    printfa.o(i._fp_digits) refers to dadd.o(.text) for __aeabi_dadd
    printfa.o(i._fp_digits) refers to dfixul.o(.text) for __aeabi_d2ulz
    printfa.o(i._fp_digits) refers to uldiv.o(.text) for __aeabi_uldivmod
    printfa.o(i._printf_core) refers (Special) to iusefp.o(.text) for __I$use$fp
    printfa.o(i._printf_core) refers to printfa.o(i._printf_pre_padding) for _printf_pre_padding
    printfa.o(i._printf_core) refers to uldiv.o(.text) for __aeabi_uldivmod
    printfa.o(i._printf_core) refers to printfa.o(i._printf_post_padding) for _printf_post_padding
    printfa.o(i._printf_core) refers to printfa.o(i._fp_digits) for _fp_digits
    printfa.o(i._printf_core) refers to uidiv.o(.text) for __aeabi_uidivmod
    printfa.o(i._printf_post_padding) refers (Special) to iusefp.o(.text) for __I$use$fp
    printfa.o(i._printf_pre_padding) refers (Special) to iusefp.o(.text) for __I$use$fp
    printfa.o(i._snputc) refers (Special) to iusefp.o(.text) for __I$use$fp
    printfa.o(i._sputc) refers (Special) to iusefp.o(.text) for __I$use$fp
    entry2.o(.ARM.Collect$$$$00000001) refers to entry2.o(.ARM.Collect$$$$00002712) for __lit__00000000
    entry2.o(.ARM.Collect$$$$00002712) refers to startup_stm32f10x_hd.o(STACK) for __initial_sp
    entry2.o(__vectab_stack_and_reset_area) refers to startup_stm32f10x_hd.o(STACK) for __initial_sp
    entry2.o(__vectab_stack_and_reset_area) refers to entry.o(.ARM.Collect$$$$00000000) for __main
    entry5.o(.ARM.Collect$$$$00000004) refers to init.o(.text) for __scatterload
    entry9a.o(.ARM.Collect$$$$0000000B) refers to main.o(.text) for main
    entry9b.o(.ARM.Collect$$$$0000000C) refers to main.o(.text) for main
    uldiv.o(.text) refers to llushr.o(.text) for __aeabi_llsr
    uldiv.o(.text) refers to llshl.o(.text) for __aeabi_llsl
    dadd.o(.text) refers to llshl.o(.text) for __aeabi_llsl
    dadd.o(.text) refers to llsshr.o(.text) for __aeabi_lasr
    dadd.o(.text) refers to depilogue.o(.text) for _double_epilogue
    dmul.o(.text) refers to depilogue.o(.text) for _double_epilogue
    ddiv.o(.text) refers to depilogue.o(.text) for _double_round
    dfixul.o(.text) refers to llushr.o(.text) for __aeabi_llsr
    dfixul.o(.text) refers to llshl.o(.text) for __aeabi_llsl
    init.o(.text) refers to entry5.o(.ARM.Collect$$$$00000004) for __main_after_scatterload
    depilogue.o(.text) refers to llshl.o(.text) for __aeabi_llsl
    depilogue.o(.text) refers to llushr.o(.text) for __aeabi_llsr


==============================================================================

Removing Unused input sections from the image.

    Removing core_cm3.o(.emb_text), (32 bytes).
    Removing startup_stm32f10x_hd.o(HEAP), (512 bytes).
    Removing misc.o(.text), (220 bytes).
    Removing stm32f10x_bkp.o(.text), (196 bytes).
    Removing stm32f10x_tim.o(.text), (3610 bytes).
    Removing httpult.o(.bss), (64 bytes).
    Removing httpult.o(.data), (1460 bytes).
    Removing md5.o(.text), (2564 bytes).
    Removing md5.o(.data), (64 bytes).

9 unused section(s) (total 8722 bytes) removed from the image.

==============================================================================

Image Symbol Table

    Local Symbols

    Symbol Name                              Value     Ov Type        Size  Object(Section)

    ../clib/microlib/division.c              0x00000000   Number         0  uldiv.o ABSOLUTE
    ../clib/microlib/division.c              0x00000000   Number         0  uidiv.o ABSOLUTE
    ../clib/microlib/init/entry.s            0x00000000   Number         0  entry8b.o ABSOLUTE
    ../clib/microlib/init/entry.s            0x00000000   Number         0  entry7b.o ABSOLUTE
    ../clib/microlib/init/entry.s            0x00000000   Number         0  entry.o ABSOLUTE
    ../clib/microlib/init/entry.s            0x00000000   Number         0  entry9a.o ABSOLUTE
    ../clib/microlib/init/entry.s            0x00000000   Number         0  entry2.o ABSOLUTE
    ../clib/microlib/init/entry.s            0x00000000   Number         0  entry11b.o ABSOLUTE
    ../clib/microlib/init/entry.s            0x00000000   Number         0  entry7a.o ABSOLUTE
    ../clib/microlib/init/entry.s            0x00000000   Number         0  entry11a.o ABSOLUTE
    ../clib/microlib/init/entry.s            0x00000000   Number         0  entry5.o ABSOLUTE
    ../clib/microlib/init/entry.s            0x00000000   Number         0  entry10b.o ABSOLUTE
    ../clib/microlib/init/entry.s            0x00000000   Number         0  entry10a.o ABSOLUTE
    ../clib/microlib/init/entry.s            0x00000000   Number         0  entry8a.o ABSOLUTE
    ../clib/microlib/init/entry.s            0x00000000   Number         0  entry9b.o ABSOLUTE
    ../clib/microlib/longlong.c              0x00000000   Number         0  llsshr.o ABSOLUTE
    ../clib/microlib/longlong.c              0x00000000   Number         0  llushr.o ABSOLUTE
    ../clib/microlib/longlong.c              0x00000000   Number         0  llshl.o ABSOLUTE
    ../clib/microlib/printf/printf.c         0x00000000   Number         0  printf2.o ABSOLUTE
    ../clib/microlib/printf/printf.c         0x00000000   Number         0  printf1.o ABSOLUTE
    ../clib/microlib/printf/printf.c         0x00000000   Number         0  printfa.o ABSOLUTE
    ../clib/microlib/printf/printf.c         0x00000000   Number         0  printf8.o ABSOLUTE
    ../clib/microlib/printf/printf.c         0x00000000   Number         0  printf0.o ABSOLUTE
    ../clib/microlib/printf/printf.c         0x00000000   Number         0  printf7.o ABSOLUTE
    ../clib/microlib/printf/printf.c         0x00000000   Number         0  printf6.o ABSOLUTE
    ../clib/microlib/printf/printf.c         0x00000000   Number         0  printf5.o ABSOLUTE
    ../clib/microlib/printf/printf.c         0x00000000   Number         0  printfb.o ABSOLUTE
    ../clib/microlib/printf/printf.c         0x00000000   Number         0  printf4.o ABSOLUTE
    ../clib/microlib/printf/printf.c         0x00000000   Number         0  printf3.o ABSOLUTE
    ../clib/microlib/printf/stubs.s          0x00000000   Number         0  stubs.o ABSOLUTE
    ../clib/microlib/stdio/streams.c         0x00000000   Number         0  stdout.o ABSOLUTE
    ../clib/microlib/string/memcmp.c         0x00000000   Number         0  memcmp.o ABSOLUTE
    ../clib/microlib/string/memcpy.c         0x00000000   Number         0  memcpya.o ABSOLUTE
    ../clib/microlib/string/memcpy.c         0x00000000   Number         0  memcpyb.o ABSOLUTE
    ../clib/microlib/string/memset.c         0x00000000   Number         0  memseta.o ABSOLUTE
    ../clib/microlib/string/strcat.c         0x00000000   Number         0  strcat.o ABSOLUTE
    ../clib/microlib/string/strcmp.c         0x00000000   Number         0  strcmp.o ABSOLUTE
    ../clib/microlib/string/strcpy.c         0x00000000   Number         0  strcpy.o ABSOLUTE
    ../clib/microlib/string/strlen.c         0x00000000   Number         0  strlen.o ABSOLUTE
    ../clib/microlib/string/strncpy.c        0x00000000   Number         0  strncpy.o ABSOLUTE
    ../clib/microlib/string/strstr.c         0x00000000   Number         0  strstr.o ABSOLUTE
    ../clib/microlib/string/strtok.c         0x00000000   Number         0  strtok_r.o ABSOLUTE
    ../clib/microlib/string/strtok.c         0x00000000   Number         0  strtok.o ABSOLUTE
    ../clib/microlib/stubs.s                 0x00000000   Number         0  iusefp.o ABSOLUTE
    ../fplib/microlib/fpadd.c                0x00000000   Number         0  dadd.o ABSOLUTE
    ../fplib/microlib/fpdiv.c                0x00000000   Number         0  ddiv.o ABSOLUTE
    ../fplib/microlib/fpepilogue.c           0x00000000   Number         0  depilogue.o ABSOLUTE
    ../fplib/microlib/fpfix.c                0x00000000   Number         0  dfixul.o ABSOLUTE
    ../fplib/microlib/fpmul.c                0x00000000   Number         0  dmul.o ABSOLUTE
    User\main.c                              0x00000000   Number         0  main.o ABSOLUTE
    User\stm32f10x_it.c                      0x00000000   Number         0  stm32f10x_it.o ABSOLUTE
    cdrcmple.s                               0x00000000   Number         0  cdrcmple.o ABSOLUTE
    dc.s                                     0x00000000   Number         0  dc.o ABSOLUTE
    flib\src\misc.c                          0x00000000   Number         0  misc.o ABSOLUTE
    flib\src\stm32f10x_bkp.c                 0x00000000   Number         0  stm32f10x_bkp.o ABSOLUTE
    flib\src\stm32f10x_flash.c               0x00000000   Number         0  stm32f10x_flash.o ABSOLUTE
    flib\src\stm32f10x_gpio.c                0x00000000   Number         0  stm32f10x_gpio.o ABSOLUTE
    flib\src\stm32f10x_rcc.c                 0x00000000   Number         0  stm32f10x_rcc.o ABSOLUTE
    flib\src\stm32f10x_spi.c                 0x00000000   Number         0  stm32f10x_spi.o ABSOLUTE
    flib\src\stm32f10x_tim.c                 0x00000000   Number         0  stm32f10x_tim.o ABSOLUTE
    flib\src\stm32f10x_usart.c               0x00000000   Number         0  stm32f10x_usart.o ABSOLUTE
    handlers.s                               0x00000000   Number         0  handlers.o ABSOLUTE
    init.s                                   0x00000000   Number         0  init.o ABSOLUTE
    system\\core_cm3.c                       0x00000000   Number         0  core_cm3.o ABSOLUTE
    system\core_cm3.c                        0x00000000   Number         0  core_cm3.o ABSOLUTE
    system\startup_stm32f10x_hd.s            0x00000000   Number         0  startup_stm32f10x_hd.o ABSOLUTE
    system\system_stm32f10x.c                0x00000000   Number         0  system_stm32f10x.o ABSOLUTE
    word\device\device.c                     0x00000000   Number         0  device.o ABSOLUTE
    word\flash\flash.c                       0x00000000   Number         0  flash.o ABSOLUTE
    word\httpd\httpd.c                       0x00000000   Number         0  httpd.o ABSOLUTE
    word\httpult\httpult.c                   0x00000000   Number         0  httpult.o ABSOLUTE
    word\md5\md5.c                           0x00000000   Number         0  md5.o ABSOLUTE
    word\socket\socket.c                     0x00000000   Number         0  socket.o ABSOLUTE
    word\spi\spi2.c                          0x00000000   Number         0  spi2.o ABSOLUTE
    word\ult\ult.c                           0x00000000   Number         0  ult.o ABSOLUTE
    word\usart\usart.c                       0x00000000   Number         0  usart.o ABSOLUTE
    word\w5500\w5500.c                       0x00000000   Number         0  w5500.o ABSOLUTE
    RESET                                    0x08000000   Section      304  startup_stm32f10x_hd.o(RESET)
    .ARM.Collect$$$$00000000                 0x08000130   Section        0  entry.o(.ARM.Collect$$$$00000000)
    .ARM.Collect$$$$00000001                 0x08000130   Section        4  entry2.o(.ARM.Collect$$$$00000001)
    .ARM.Collect$$$$00000004                 0x08000134   Section        4  entry5.o(.ARM.Collect$$$$00000004)
    .ARM.Collect$$$$00000008                 0x08000138   Section        0  entry7b.o(.ARM.Collect$$$$00000008)
    .ARM.Collect$$$$0000000A                 0x08000138   Section        0  entry8b.o(.ARM.Collect$$$$0000000A)
    .ARM.Collect$$$$0000000B                 0x08000138   Section        8  entry9a.o(.ARM.Collect$$$$0000000B)
    .ARM.Collect$$$$0000000D                 0x08000140   Section        0  entry10a.o(.ARM.Collect$$$$0000000D)
    .ARM.Collect$$$$0000000F                 0x08000140   Section        0  entry11a.o(.ARM.Collect$$$$0000000F)
    .ARM.Collect$$$$00002712                 0x08000140   Section        4  entry2.o(.ARM.Collect$$$$00002712)
    __lit__00000000                          0x08000140   Data           4  entry2.o(.ARM.Collect$$$$00002712)
    .text                                    0x08000144   Section        0  main.o(.text)
    .text                                    0x08000254   Section        0  stm32f10x_it.o(.text)
    .text                                    0x08000270   Section        0  system_stm32f10x.o(.text)
    SetSysClockTo72                          0x08000271   Thumb Code   212  system_stm32f10x.o(.text)
    SetSysClock                              0x08000345   Thumb Code     8  system_stm32f10x.o(.text)
    .text                                    0x0800044c   Section       36  startup_stm32f10x_hd.o(.text)
    .text                                    0x08000470   Section        0  stm32f10x_flash.o(.text)
    .text                                    0x08000a2c   Section        0  stm32f10x_gpio.o(.text)
    .text                                    0x08000d84   Section        0  stm32f10x_rcc.o(.text)
    .text                                    0x08001128   Section        0  stm32f10x_spi.o(.text)
    .text                                    0x08001434   Section        0  stm32f10x_usart.o(.text)
    .text                                    0x0800183c   Section        0  flash.o(.text)
    .text                                    0x08001aac   Section        0  device.o(.text)
    .text                                    0x08001de0   Section        0  httpd.o(.text)
    .text                                    0x080022ec   Section        0  httpult.o(.text)
    make_basic_config_setting_json_callback  0x080022ed   Thumb Code   262  httpult.o(.text)
    .text                                    0x08002bb8   Section        0  socket.o(.text)
    .text                                    0x08003244   Section        0  spi2.o(.text)
    .text                                    0x08003340   Section        0  ult.o(.text)
    .text                                    0x08003a84   Section        0  usart.o(.text)
    .text                                    0x08003b6c   Section        0  w5500.o(.text)
    .text                                    0x08004150   Section        0  memcpya.o(.text)
    .text                                    0x08004174   Section        0  memseta.o(.text)
    .text                                    0x08004198   Section        0  strcat.o(.text)
    .text                                    0x080041b0   Section        0  strstr.o(.text)
    .text                                    0x080041d4   Section        0  strncpy.o(.text)
    .text                                    0x080041ec   Section        0  strlen.o(.text)
    .text                                    0x080041fa   Section        0  strcmp.o(.text)
    .text                                    0x08004216   Section        0  memcmp.o(.text)
    .text                                    0x08004230   Section        0  strcpy.o(.text)
    .text                                    0x08004244   Section        0  strtok.o(.text)
    .text                                    0x08004288   Section        0  uidiv.o(.text)
    .text                                    0x080042b4   Section        0  uldiv.o(.text)
    .text                                    0x08004316   Section        0  iusefp.o(.text)
    .text                                    0x08004316   Section        0  dadd.o(.text)
    .text                                    0x08004464   Section        0  dmul.o(.text)
    .text                                    0x08004548   Section        0  ddiv.o(.text)
    .text                                    0x08004626   Section        0  dfixul.o(.text)
    .text                                    0x08004658   Section       40  cdrcmple.o(.text)
    .text                                    0x08004680   Section       36  init.o(.text)
    .text                                    0x080046a4   Section        0  llshl.o(.text)
    .text                                    0x080046c2   Section        0  llushr.o(.text)
    .text                                    0x080046e2   Section        0  llsshr.o(.text)
    .text                                    0x08004706   Section        0  depilogue.o(.text)
    i.__0printf                              0x080047c4   Section        0  printfa.o(i.__0printf)
    i.__0printf$8                            0x080047e4   Section        0  printf8.o(i.__0printf$8)
    i.__0sprintf$8                           0x08004804   Section        0  printf8.o(i.__0sprintf$8)
    i.__scatterload_copy                     0x0800482c   Section       14  handlers.o(i.__scatterload_copy)
    i.__scatterload_null                     0x0800483a   Section        2  handlers.o(i.__scatterload_null)
    i.__scatterload_zeroinit                 0x0800483c   Section       14  handlers.o(i.__scatterload_zeroinit)
    i._fp_digits                             0x0800484c   Section        0  printfa.o(i._fp_digits)
    _fp_digits                               0x0800484d   Thumb Code   326  printfa.o(i._fp_digits)
    i._printf_core                           0x080049a8   Section        0  printf8.o(i._printf_core)
    _printf_core                             0x080049a9   Thumb Code   988  printf8.o(i._printf_core)
    i._printf_core                           0x08004db0   Section        0  printfa.o(i._printf_core)
    _printf_core                             0x08004db1   Thumb Code  1762  printfa.o(i._printf_core)
    i._printf_post_padding                   0x080054a0   Section        0  printf8.o(i._printf_post_padding)
    _printf_post_padding                     0x080054a1   Thumb Code    38  printf8.o(i._printf_post_padding)
    i._printf_post_padding                   0x080054c6   Section        0  printfa.o(i._printf_post_padding)
    _printf_post_padding                     0x080054c7   Thumb Code    38  printfa.o(i._printf_post_padding)
    i._printf_pre_padding                    0x080054ec   Section        0  printf8.o(i._printf_pre_padding)
    _printf_pre_padding                      0x080054ed   Thumb Code    48  printf8.o(i._printf_pre_padding)
    i._printf_pre_padding                    0x0800551c   Section        0  printfa.o(i._printf_pre_padding)
    _printf_pre_padding                      0x0800551d   Thumb Code    48  printfa.o(i._printf_pre_padding)
    i._sputc                                 0x0800554c   Section        0  printf8.o(i._sputc)
    _sputc                                   0x0800554d   Thumb Code    10  printf8.o(i._sputc)
    .constdata                               0x08005558   Section      145  httpd.o(.constdata)
    .constdata                               0x080055ec   Section     6472  httpult.o(.constdata)
    .data                                    0x20000000   Section        1  main.o(.data)
    .data                                    0x20000004   Section       20  system_stm32f10x.o(.data)
    .data                                    0x20000018   Section       20  stm32f10x_rcc.o(.data)
    APBAHBPrescTable                         0x20000018   Data          16  stm32f10x_rcc.o(.data)
    ADCPrescTable                            0x20000028   Data           4  stm32f10x_rcc.o(.data)
    .data                                    0x2000002c   Section       16  device.o(.data)
    .data                                    0x2000003c   Section        2  socket.o(.data)
    local_port                               0x2000003c   Data           2  socket.o(.data)
    .data                                    0x2000003e   Section        4  ult.o(.data)
    fac_us                                   0x2000003e   Data           1  ult.o(.data)
    fac_ms                                   0x20000040   Data           2  ult.o(.data)
    .data                                    0x20000042   Section        8  w5500.o(.data)
    I_STATUS                                 0x20000042   Data           8  w5500.o(.data)
    .data                                    0x2000004c   Section        4  strtok.o(.data)
    state                                    0x2000004c   Data           4  strtok.o(.data)
    .data                                    0x20000050   Section        4  stdout.o(.data)
    .bss                                     0x20000054   Section     1074  flash.o(.bss)
    .bss                                     0x20000486   Section     1668  device.o(.bss)
    .bss                                     0x20000b0a   Section     2920  httpd.o(.bss)
    .bss                                     0x20001672   Section       48  ult.o(.bss)
    addr_str                                 0x20001672   Data          32  ult.o(.bss)
    addr_str                                 0x20001692   Data          16  ult.o(.bss)
    .bss                                     0x200016a2   Section       32  w5500.o(.bss)
    SSIZE                                    0x200016a2   Data          16  w5500.o(.bss)
    RSIZE                                    0x200016b2   Data          16  w5500.o(.bss)
    STACK                                    0x200016c8   Section     1024  startup_stm32f10x_hd.o(STACK)

    Global Symbols

    Symbol Name                              Value     Ov Type        Size  Object(Section)

    BuildAttributes$$THM_ISAv4$P$D$K$B$S$PE$A:L22UL41UL21$X:L11$S22US41US21$IEEE1$IW$USESV6$~STKCKD$USESV7$~SHL$OSPACE$ROPI$EBA8$MICROLIB$REQ8$PRES8$EABIv2 0x00000000   Number         0  anon$$obj.o ABSOLUTE
    __ARM_use_no_argv                        0x00000000   Number         0  main.o ABSOLUTE
    _printf_a                                0x00000000   Number         0  stubs.o ABSOLUTE
    _printf_c                                0x00000000   Number         0  stubs.o ABSOLUTE
    _printf_charcount                        0x00000000   Number         0  stubs.o ABSOLUTE
    _printf_d                                0x00000000   Number         0  stubs.o ABSOLUTE
    _printf_e                                0x00000000   Number         0  stubs.o ABSOLUTE
    _printf_f                                0x00000000   Number         0  stubs.o ABSOLUTE
    _printf_flags                            0x00000000   Number         0  stubs.o ABSOLUTE
    _printf_fp_dec                           0x00000000   Number         0  stubs.o ABSOLUTE
    _printf_fp_hex                           0x00000000   Number         0  stubs.o ABSOLUTE
    _printf_g                                0x00000000   Number         0  stubs.o ABSOLUTE
    _printf_i                                0x00000000   Number         0  stubs.o ABSOLUTE
    _printf_int_dec                          0x00000000   Number         0  stubs.o ABSOLUTE
    _printf_l                                0x00000000   Number         0  stubs.o ABSOLUTE
    _printf_lc                               0x00000000   Number         0  stubs.o ABSOLUTE
    _printf_ll                               0x00000000   Number         0  stubs.o ABSOLUTE
    _printf_lld                              0x00000000   Number         0  stubs.o ABSOLUTE
    _printf_lli                              0x00000000   Number         0  stubs.o ABSOLUTE
    _printf_llo                              0x00000000   Number         0  stubs.o ABSOLUTE
    _printf_llu                              0x00000000   Number         0  stubs.o ABSOLUTE
    _printf_llx                              0x00000000   Number         0  stubs.o ABSOLUTE
    _printf_longlong_dec                     0x00000000   Number         0  stubs.o ABSOLUTE
    _printf_longlong_hex                     0x00000000   Number         0  stubs.o ABSOLUTE
    _printf_longlong_oct                     0x00000000   Number         0  stubs.o ABSOLUTE
    _printf_ls                               0x00000000   Number         0  stubs.o ABSOLUTE
    _printf_mbtowc                           0x00000000   Number         0  stubs.o ABSOLUTE
    _printf_n                                0x00000000   Number         0  stubs.o ABSOLUTE
    _printf_o                                0x00000000   Number         0  stubs.o ABSOLUTE
    _printf_p                                0x00000000   Number         0  stubs.o ABSOLUTE
    _printf_percent                          0x00000000   Number         0  stubs.o ABSOLUTE
    _printf_pre_padding                      0x00000000   Number         0  stubs.o ABSOLUTE
    _printf_return_value                     0x00000000   Number         0  stubs.o ABSOLUTE
    _printf_s                                0x00000000   Number         0  stubs.o ABSOLUTE
    _printf_sizespec                         0x00000000   Number         0  stubs.o ABSOLUTE
    _printf_str                              0x00000000   Number         0  stubs.o ABSOLUTE
    _printf_truncate_signed                  0x00000000   Number         0  stubs.o ABSOLUTE
    _printf_truncate_unsigned                0x00000000   Number         0  stubs.o ABSOLUTE
    _printf_u                                0x00000000   Number         0  stubs.o ABSOLUTE
    _printf_wc                               0x00000000   Number         0  stubs.o ABSOLUTE
    _printf_wctomb                           0x00000000   Number         0  stubs.o ABSOLUTE
    _printf_widthprec                        0x00000000   Number         0  stubs.o ABSOLUTE
    _printf_x                                0x00000000   Number         0  stubs.o ABSOLUTE
    __cpp_initialize__aeabi_                  - Undefined Weak Reference
    __cxa_finalize                            - Undefined Weak Reference
    __decompress                              - Undefined Weak Reference
    _clock_init                               - Undefined Weak Reference
    _microlib_exit                            - Undefined Weak Reference
    __Vectors_Size                           0x00000130   Number         0  startup_stm32f10x_hd.o ABSOLUTE
    __Vectors                                0x08000000   Data           4  startup_stm32f10x_hd.o(RESET)
    __Vectors_End                            0x08000130   Data           0  startup_stm32f10x_hd.o(RESET)
    __main                                   0x08000131   Thumb Code     0  entry.o(.ARM.Collect$$$$00000000)
    _main_stk                                0x08000131   Thumb Code     0  entry2.o(.ARM.Collect$$$$00000001)
    _main_scatterload                        0x08000135   Thumb Code     0  entry5.o(.ARM.Collect$$$$00000004)
    __main_after_scatterload                 0x08000139   Thumb Code     0  entry5.o(.ARM.Collect$$$$00000004)
    _main_clock                              0x08000139   Thumb Code     0  entry7b.o(.ARM.Collect$$$$00000008)
    _main_cpp_init                           0x08000139   Thumb Code     0  entry8b.o(.ARM.Collect$$$$0000000A)
    _main_init                               0x08000139   Thumb Code     0  entry9a.o(.ARM.Collect$$$$0000000B)
    __rt_final_cpp                           0x08000141   Thumb Code     0  entry10a.o(.ARM.Collect$$$$0000000D)
    __rt_final_exit                          0x08000141   Thumb Code     0  entry11a.o(.ARM.Collect$$$$0000000F)
    main                                     0x08000145   Thumb Code   150  main.o(.text)
    NMI_Handler                              0x08000255   Thumb Code     2  stm32f10x_it.o(.text)
    HardFault_Handler                        0x08000257   Thumb Code     4  stm32f10x_it.o(.text)
    MemManage_Handler                        0x0800025b   Thumb Code     4  stm32f10x_it.o(.text)
    BusFault_Handler                         0x0800025f   Thumb Code     4  stm32f10x_it.o(.text)
    UsageFault_Handler                       0x08000263   Thumb Code     4  stm32f10x_it.o(.text)
    SVC_Handler                              0x08000267   Thumb Code     2  stm32f10x_it.o(.text)
    DebugMon_Handler                         0x08000269   Thumb Code     2  stm32f10x_it.o(.text)
    PendSV_Handler                           0x0800026b   Thumb Code     2  stm32f10x_it.o(.text)
    SysTick_Handler                          0x0800026d   Thumb Code     2  stm32f10x_it.o(.text)
    SystemInit                               0x0800034d   Thumb Code    78  system_stm32f10x.o(.text)
    SystemCoreClockUpdate                    0x0800039b   Thumb Code   142  system_stm32f10x.o(.text)
    Reset_Handler                            0x0800044d   Thumb Code     8  startup_stm32f10x_hd.o(.text)
    ADC1_2_IRQHandler                        0x08000467   Thumb Code     0  startup_stm32f10x_hd.o(.text)
    ADC3_IRQHandler                          0x08000467   Thumb Code     0  startup_stm32f10x_hd.o(.text)
    CAN1_RX1_IRQHandler                      0x08000467   Thumb Code     0  startup_stm32f10x_hd.o(.text)
    CAN1_SCE_IRQHandler                      0x08000467   Thumb Code     0  startup_stm32f10x_hd.o(.text)
    DMA1_Channel1_IRQHandler                 0x08000467   Thumb Code     0  startup_stm32f10x_hd.o(.text)
    DMA1_Channel2_IRQHandler                 0x08000467   Thumb Code     0  startup_stm32f10x_hd.o(.text)
    DMA1_Channel3_IRQHandler                 0x08000467   Thumb Code     0  startup_stm32f10x_hd.o(.text)
    DMA1_Channel4_IRQHandler                 0x08000467   Thumb Code     0  startup_stm32f10x_hd.o(.text)
    DMA1_Channel5_IRQHandler                 0x08000467   Thumb Code     0  startup_stm32f10x_hd.o(.text)
    DMA1_Channel6_IRQHandler                 0x08000467   Thumb Code     0  startup_stm32f10x_hd.o(.text)
    DMA1_Channel7_IRQHandler                 0x08000467   Thumb Code     0  startup_stm32f10x_hd.o(.text)
    DMA2_Channel1_IRQHandler                 0x08000467   Thumb Code     0  startup_stm32f10x_hd.o(.text)
    DMA2_Channel2_IRQHandler                 0x08000467   Thumb Code     0  startup_stm32f10x_hd.o(.text)
    DMA2_Channel3_IRQHandler                 0x08000467   Thumb Code     0  startup_stm32f10x_hd.o(.text)
    DMA2_Channel4_5_IRQHandler               0x08000467   Thumb Code     0  startup_stm32f10x_hd.o(.text)
    EXTI0_IRQHandler                         0x08000467   Thumb Code     0  startup_stm32f10x_hd.o(.text)
    EXTI15_10_IRQHandler                     0x08000467   Thumb Code     0  startup_stm32f10x_hd.o(.text)
    EXTI1_IRQHandler                         0x08000467   Thumb Code     0  startup_stm32f10x_hd.o(.text)
    EXTI2_IRQHandler                         0x08000467   Thumb Code     0  startup_stm32f10x_hd.o(.text)
    EXTI3_IRQHandler                         0x08000467   Thumb Code     0  startup_stm32f10x_hd.o(.text)
    EXTI4_IRQHandler                         0x08000467   Thumb Code     0  startup_stm32f10x_hd.o(.text)
    EXTI9_5_IRQHandler                       0x08000467   Thumb Code     0  startup_stm32f10x_hd.o(.text)
    FLASH_IRQHandler                         0x08000467   Thumb Code     0  startup_stm32f10x_hd.o(.text)
    FSMC_IRQHandler                          0x08000467   Thumb Code     0  startup_stm32f10x_hd.o(.text)
    I2C1_ER_IRQHandler                       0x08000467   Thumb Code     0  startup_stm32f10x_hd.o(.text)
    I2C1_EV_IRQHandler                       0x08000467   Thumb Code     0  startup_stm32f10x_hd.o(.text)
    I2C2_ER_IRQHandler                       0x08000467   Thumb Code     0  startup_stm32f10x_hd.o(.text)
    I2C2_EV_IRQHandler                       0x08000467   Thumb Code     0  startup_stm32f10x_hd.o(.text)
    PVD_IRQHandler                           0x08000467   Thumb Code     0  startup_stm32f10x_hd.o(.text)
    RCC_IRQHandler                           0x08000467   Thumb Code     0  startup_stm32f10x_hd.o(.text)
    RTCAlarm_IRQHandler                      0x08000467   Thumb Code     0  startup_stm32f10x_hd.o(.text)
    RTC_IRQHandler                           0x08000467   Thumb Code     0  startup_stm32f10x_hd.o(.text)
    SDIO_IRQHandler                          0x08000467   Thumb Code     0  startup_stm32f10x_hd.o(.text)
    SPI1_IRQHandler                          0x08000467   Thumb Code     0  startup_stm32f10x_hd.o(.text)
    SPI2_IRQHandler                          0x08000467   Thumb Code     0  startup_stm32f10x_hd.o(.text)
    SPI3_IRQHandler                          0x08000467   Thumb Code     0  startup_stm32f10x_hd.o(.text)
    TAMPER_IRQHandler                        0x08000467   Thumb Code     0  startup_stm32f10x_hd.o(.text)
    TIM1_BRK_IRQHandler                      0x08000467   Thumb Code     0  startup_stm32f10x_hd.o(.text)
    TIM1_CC_IRQHandler                       0x08000467   Thumb Code     0  startup_stm32f10x_hd.o(.text)
    TIM1_TRG_COM_IRQHandler                  0x08000467   Thumb Code     0  startup_stm32f10x_hd.o(.text)
    TIM1_UP_IRQHandler                       0x08000467   Thumb Code     0  startup_stm32f10x_hd.o(.text)
    TIM2_IRQHandler                          0x08000467   Thumb Code     0  startup_stm32f10x_hd.o(.text)
    TIM3_IRQHandler                          0x08000467   Thumb Code     0  startup_stm32f10x_hd.o(.text)
    TIM4_IRQHandler                          0x08000467   Thumb Code     0  startup_stm32f10x_hd.o(.text)
    TIM5_IRQHandler                          0x08000467   Thumb Code     0  startup_stm32f10x_hd.o(.text)
    TIM6_IRQHandler                          0x08000467   Thumb Code     0  startup_stm32f10x_hd.o(.text)
    TIM7_IRQHandler                          0x08000467   Thumb Code     0  startup_stm32f10x_hd.o(.text)
    TIM8_BRK_IRQHandler                      0x08000467   Thumb Code     0  startup_stm32f10x_hd.o(.text)
    TIM8_CC_IRQHandler                       0x08000467   Thumb Code     0  startup_stm32f10x_hd.o(.text)
    TIM8_TRG_COM_IRQHandler                  0x08000467   Thumb Code     0  startup_stm32f10x_hd.o(.text)
    TIM8_UP_IRQHandler                       0x08000467   Thumb Code     0  startup_stm32f10x_hd.o(.text)
    UART4_IRQHandler                         0x08000467   Thumb Code     0  startup_stm32f10x_hd.o(.text)
    UART5_IRQHandler                         0x08000467   Thumb Code     0  startup_stm32f10x_hd.o(.text)
    USART1_IRQHandler                        0x08000467   Thumb Code     0  startup_stm32f10x_hd.o(.text)
    USART2_IRQHandler                        0x08000467   Thumb Code     0  startup_stm32f10x_hd.o(.text)
    USART3_IRQHandler                        0x08000467   Thumb Code     0  startup_stm32f10x_hd.o(.text)
    USBWakeUp_IRQHandler                     0x08000467   Thumb Code     0  startup_stm32f10x_hd.o(.text)
    USB_HP_CAN1_TX_IRQHandler                0x08000467   Thumb Code     0  startup_stm32f10x_hd.o(.text)
    USB_LP_CAN1_RX0_IRQHandler               0x08000467   Thumb Code     0  startup_stm32f10x_hd.o(.text)
    WWDG_IRQHandler                          0x08000467   Thumb Code     0  startup_stm32f10x_hd.o(.text)
    FLASH_SetLatency                         0x08000471   Thumb Code    18  stm32f10x_flash.o(.text)
    FLASH_HalfCycleAccessCmd                 0x08000483   Thumb Code    22  stm32f10x_flash.o(.text)
    FLASH_PrefetchBufferCmd                  0x08000499   Thumb Code    22  stm32f10x_flash.o(.text)
    FLASH_Unlock                             0x080004af   Thumb Code    12  stm32f10x_flash.o(.text)
    FLASH_UnlockBank1                        0x080004bb   Thumb Code    12  stm32f10x_flash.o(.text)
    FLASH_Lock                               0x080004c7   Thumb Code    14  stm32f10x_flash.o(.text)
    FLASH_LockBank1                          0x080004d5   Thumb Code    14  stm32f10x_flash.o(.text)
    FLASH_GetBank1Status                     0x080004e3   Thumb Code    48  stm32f10x_flash.o(.text)
    FLASH_WaitForLastOperation               0x08000513   Thumb Code    38  stm32f10x_flash.o(.text)
    FLASH_ErasePage                          0x08000539   Thumb Code    72  stm32f10x_flash.o(.text)
    FLASH_EraseAllPages                      0x08000581   Thumb Code    68  stm32f10x_flash.o(.text)
    FLASH_WaitForLastBank1Operation          0x080005c5   Thumb Code    38  stm32f10x_flash.o(.text)
    FLASH_EraseAllBank1Pages                 0x080005eb   Thumb Code    68  stm32f10x_flash.o(.text)
    FLASH_GetReadOutProtectionStatus         0x0800062f   Thumb Code    20  stm32f10x_flash.o(.text)
    FLASH_EraseOptionBytes                   0x08000643   Thumb Code   150  stm32f10x_flash.o(.text)
    FLASH_ProgramWord                        0x080006d9   Thumb Code   102  stm32f10x_flash.o(.text)
    FLASH_ProgramHalfWord                    0x0800073f   Thumb Code    60  stm32f10x_flash.o(.text)
    FLASH_ProgramOptionByteData              0x0800077b   Thumb Code    72  stm32f10x_flash.o(.text)
    FLASH_EnableWriteProtection              0x080007c3   Thumb Code   200  stm32f10x_flash.o(.text)
    FLASH_ReadOutProtection                  0x0800088b   Thumb Code   156  stm32f10x_flash.o(.text)
    FLASH_UserOptionByteConfig               0x08000927   Thumb Code    88  stm32f10x_flash.o(.text)
    FLASH_GetUserOptionByte                  0x0800097f   Thumb Code     8  stm32f10x_flash.o(.text)
    FLASH_GetWriteProtectionOptionByte       0x08000987   Thumb Code     6  stm32f10x_flash.o(.text)
    FLASH_GetPrefetchBufferStatus            0x0800098d   Thumb Code    20  stm32f10x_flash.o(.text)
    FLASH_ITConfig                           0x080009a1   Thumb Code    26  stm32f10x_flash.o(.text)
    FLASH_GetFlagStatus                      0x080009bb   Thumb Code    42  stm32f10x_flash.o(.text)
    FLASH_ClearFlag                          0x080009e5   Thumb Code     6  stm32f10x_flash.o(.text)
    FLASH_GetStatus                          0x080009eb   Thumb Code    48  stm32f10x_flash.o(.text)
    GPIO_DeInit                              0x08000a2d   Thumb Code   172  stm32f10x_gpio.o(.text)
    GPIO_AFIODeInit                          0x08000ad9   Thumb Code    20  stm32f10x_gpio.o(.text)
    GPIO_Init                                0x08000aed   Thumb Code   274  stm32f10x_gpio.o(.text)
    GPIO_StructInit                          0x08000bff   Thumb Code    16  stm32f10x_gpio.o(.text)
    GPIO_ReadInputDataBit                    0x08000c0f   Thumb Code    18  stm32f10x_gpio.o(.text)
    GPIO_ReadInputData                       0x08000c21   Thumb Code     8  stm32f10x_gpio.o(.text)
    GPIO_ReadOutputDataBit                   0x08000c29   Thumb Code    18  stm32f10x_gpio.o(.text)
    GPIO_ReadOutputData                      0x08000c3b   Thumb Code     8  stm32f10x_gpio.o(.text)
    GPIO_SetBits                             0x08000c43   Thumb Code     4  stm32f10x_gpio.o(.text)
    GPIO_ResetBits                           0x08000c47   Thumb Code     4  stm32f10x_gpio.o(.text)
    GPIO_WriteBit                            0x08000c4b   Thumb Code    10  stm32f10x_gpio.o(.text)
    GPIO_Write                               0x08000c55   Thumb Code     4  stm32f10x_gpio.o(.text)
    GPIO_PinLockConfig                       0x08000c59   Thumb Code    18  stm32f10x_gpio.o(.text)
    GPIO_EventOutputConfig                   0x08000c6b   Thumb Code    26  stm32f10x_gpio.o(.text)
    GPIO_EventOutputCmd                      0x08000c85   Thumb Code     6  stm32f10x_gpio.o(.text)
    GPIO_PinRemapConfig                      0x08000c8b   Thumb Code   138  stm32f10x_gpio.o(.text)
    GPIO_EXTILineConfig                      0x08000d15   Thumb Code    66  stm32f10x_gpio.o(.text)
    GPIO_ETH_MediaInterfaceConfig            0x08000d57   Thumb Code     6  stm32f10x_gpio.o(.text)
    RCC_DeInit                               0x08000d85   Thumb Code    64  stm32f10x_rcc.o(.text)
    RCC_HSEConfig                            0x08000dc5   Thumb Code    70  stm32f10x_rcc.o(.text)
    RCC_GetFlagStatus                        0x08000e0b   Thumb Code    56  stm32f10x_rcc.o(.text)
    RCC_WaitForHSEStartUp                    0x08000e43   Thumb Code    56  stm32f10x_rcc.o(.text)
    RCC_AdjustHSICalibrationValue            0x08000e7b   Thumb Code    20  stm32f10x_rcc.o(.text)
    RCC_HSICmd                               0x08000e8f   Thumb Code     6  stm32f10x_rcc.o(.text)
    RCC_PLLConfig                            0x08000e95   Thumb Code    24  stm32f10x_rcc.o(.text)
    RCC_PLLCmd                               0x08000ead   Thumb Code     6  stm32f10x_rcc.o(.text)
    RCC_SYSCLKConfig                         0x08000eb3   Thumb Code    18  stm32f10x_rcc.o(.text)
    RCC_GetSYSCLKSource                      0x08000ec5   Thumb Code    10  stm32f10x_rcc.o(.text)
    RCC_HCLKConfig                           0x08000ecf   Thumb Code    18  stm32f10x_rcc.o(.text)
    RCC_PCLK1Config                          0x08000ee1   Thumb Code    18  stm32f10x_rcc.o(.text)
    RCC_PCLK2Config                          0x08000ef3   Thumb Code    20  stm32f10x_rcc.o(.text)
    RCC_ITConfig                             0x08000f07   Thumb Code    26  stm32f10x_rcc.o(.text)
    RCC_USBCLKConfig                         0x08000f21   Thumb Code     6  stm32f10x_rcc.o(.text)
    RCC_ADCCLKConfig                         0x08000f27   Thumb Code    18  stm32f10x_rcc.o(.text)
    RCC_LSEConfig                            0x08000f39   Thumb Code    44  stm32f10x_rcc.o(.text)
    RCC_LSICmd                               0x08000f65   Thumb Code     6  stm32f10x_rcc.o(.text)
    RCC_RTCCLKConfig                         0x08000f6b   Thumb Code    12  stm32f10x_rcc.o(.text)
    RCC_RTCCLKCmd                            0x08000f77   Thumb Code     8  stm32f10x_rcc.o(.text)
    RCC_GetClocksFreq                        0x08000f7f   Thumb Code   192  stm32f10x_rcc.o(.text)
    RCC_AHBPeriphClockCmd                    0x0800103f   Thumb Code    26  stm32f10x_rcc.o(.text)
    RCC_APB2PeriphClockCmd                   0x08001059   Thumb Code    26  stm32f10x_rcc.o(.text)
    RCC_APB1PeriphClockCmd                   0x08001073   Thumb Code    26  stm32f10x_rcc.o(.text)
    RCC_APB2PeriphResetCmd                   0x0800108d   Thumb Code    26  stm32f10x_rcc.o(.text)
    RCC_APB1PeriphResetCmd                   0x080010a7   Thumb Code    26  stm32f10x_rcc.o(.text)
    RCC_BackupResetCmd                       0x080010c1   Thumb Code     8  stm32f10x_rcc.o(.text)
    RCC_ClockSecuritySystemCmd               0x080010c9   Thumb Code     6  stm32f10x_rcc.o(.text)
    RCC_MCOConfig                            0x080010cf   Thumb Code     6  stm32f10x_rcc.o(.text)
    RCC_ClearFlag                            0x080010d5   Thumb Code    14  stm32f10x_rcc.o(.text)
    RCC_GetITStatus                          0x080010e3   Thumb Code    20  stm32f10x_rcc.o(.text)
    RCC_ClearITPendingBit                    0x080010f7   Thumb Code     6  stm32f10x_rcc.o(.text)
    SPI_I2S_DeInit                           0x08001129   Thumb Code    76  stm32f10x_spi.o(.text)
    SPI_Init                                 0x08001175   Thumb Code    60  stm32f10x_spi.o(.text)
    I2S_Init                                 0x080011b1   Thumb Code   226  stm32f10x_spi.o(.text)
    SPI_StructInit                           0x08001293   Thumb Code    24  stm32f10x_spi.o(.text)
    I2S_StructInit                           0x080012ab   Thumb Code    20  stm32f10x_spi.o(.text)
    SPI_Cmd                                  0x080012bf   Thumb Code    24  stm32f10x_spi.o(.text)
    I2S_Cmd                                  0x080012d7   Thumb Code    24  stm32f10x_spi.o(.text)
    SPI_I2S_ITConfig                         0x080012ef   Thumb Code    32  stm32f10x_spi.o(.text)
    SPI_I2S_DMACmd                           0x0800130f   Thumb Code    18  stm32f10x_spi.o(.text)
    SPI_I2S_SendData                         0x08001321   Thumb Code     4  stm32f10x_spi.o(.text)
    SPI_I2S_ReceiveData                      0x08001325   Thumb Code     6  stm32f10x_spi.o(.text)
    SPI_NSSInternalSoftwareConfig            0x0800132b   Thumb Code    30  stm32f10x_spi.o(.text)
    SPI_SSOutputCmd                          0x08001349   Thumb Code    24  stm32f10x_spi.o(.text)
    SPI_DataSizeConfig                       0x08001361   Thumb Code    18  stm32f10x_spi.o(.text)
    SPI_TransmitCRC                          0x08001373   Thumb Code    10  stm32f10x_spi.o(.text)
    SPI_CalculateCRC                         0x0800137d   Thumb Code    24  stm32f10x_spi.o(.text)
    SPI_GetCRC                               0x08001395   Thumb Code    16  stm32f10x_spi.o(.text)
    SPI_GetCRCPolynomial                     0x080013a5   Thumb Code     6  stm32f10x_spi.o(.text)
    SPI_BiDirectionalLineConfig              0x080013ab   Thumb Code    28  stm32f10x_spi.o(.text)
    SPI_I2S_GetFlagStatus                    0x080013c7   Thumb Code    18  stm32f10x_spi.o(.text)
    SPI_I2S_ClearFlag                        0x080013d9   Thumb Code     6  stm32f10x_spi.o(.text)
    SPI_I2S_GetITStatus                      0x080013df   Thumb Code    52  stm32f10x_spi.o(.text)
    SPI_I2S_ClearITPendingBit                0x08001413   Thumb Code    20  stm32f10x_spi.o(.text)
    USART_DeInit                             0x08001435   Thumb Code   134  stm32f10x_usart.o(.text)
    USART_Init                               0x080014bb   Thumb Code   210  stm32f10x_usart.o(.text)
    USART_StructInit                         0x0800158d   Thumb Code    24  stm32f10x_usart.o(.text)
    USART_ClockInit                          0x080015a5   Thumb Code    34  stm32f10x_usart.o(.text)
    USART_ClockStructInit                    0x080015c7   Thumb Code    12  stm32f10x_usart.o(.text)
    USART_Cmd                                0x080015d3   Thumb Code    24  stm32f10x_usart.o(.text)
    USART_ITConfig                           0x080015eb   Thumb Code    74  stm32f10x_usart.o(.text)
    USART_DMACmd                             0x08001635   Thumb Code    18  stm32f10x_usart.o(.text)
    USART_SetAddress                         0x08001647   Thumb Code    18  stm32f10x_usart.o(.text)
    USART_WakeUpConfig                       0x08001659   Thumb Code    18  stm32f10x_usart.o(.text)
    USART_ReceiverWakeUpCmd                  0x0800166b   Thumb Code    24  stm32f10x_usart.o(.text)
    USART_LINBreakDetectLengthConfig         0x08001683   Thumb Code    18  stm32f10x_usart.o(.text)
    USART_LINCmd                             0x08001695   Thumb Code    24  stm32f10x_usart.o(.text)
    USART_SendData                           0x080016ad   Thumb Code     8  stm32f10x_usart.o(.text)
    USART_ReceiveData                        0x080016b5   Thumb Code    10  stm32f10x_usart.o(.text)
    USART_SendBreak                          0x080016bf   Thumb Code    10  stm32f10x_usart.o(.text)
    USART_SetGuardTime                       0x080016c9   Thumb Code    16  stm32f10x_usart.o(.text)
    USART_SetPrescaler                       0x080016d9   Thumb Code    16  stm32f10x_usart.o(.text)
    USART_SmartCardCmd                       0x080016e9   Thumb Code    24  stm32f10x_usart.o(.text)
    USART_SmartCardNACKCmd                   0x08001701   Thumb Code    24  stm32f10x_usart.o(.text)
    USART_HalfDuplexCmd                      0x08001719   Thumb Code    24  stm32f10x_usart.o(.text)
    USART_OverSampling8Cmd                   0x08001731   Thumb Code    22  stm32f10x_usart.o(.text)
    USART_OneBitMethodCmd                    0x08001747   Thumb Code    24  stm32f10x_usart.o(.text)
    USART_IrDAConfig                         0x0800175f   Thumb Code    18  stm32f10x_usart.o(.text)
    USART_IrDACmd                            0x08001771   Thumb Code    24  stm32f10x_usart.o(.text)
    USART_GetFlagStatus                      0x08001789   Thumb Code    26  stm32f10x_usart.o(.text)
    USART_ClearFlag                          0x080017a3   Thumb Code    18  stm32f10x_usart.o(.text)
    USART_GetITStatus                        0x080017b5   Thumb Code    84  stm32f10x_usart.o(.text)
    USART_ClearITPendingBit                  0x08001809   Thumb Code    52  stm32f10x_usart.o(.text)
    STMFLASH_ReadHalfWord                    0x0800183d   Thumb Code     6  flash.o(.text)
    STMFLASH_Write_NoCheck                   0x08001843   Thumb Code    38  flash.o(.text)
    STMFLASH_Read                            0x08001869   Thumb Code    34  flash.o(.text)
    STMFLASH_Write                           0x0800188b   Thumb Code   218  flash.o(.text)
    Test_Write                               0x08001965   Thumb Code    16  flash.o(.text)
    DefaultSet                               0x08001975   Thumb Code   296  flash.o(.text)
    GPIO_Configuration                       0x08001aad   Thumb Code   110  device.o(.text)
    Reset_W5500                              0x08001b1b   Thumb Code    38  device.o(.text)
    reboot                                   0x08001b41   Thumb Code    12  device.o(.text)
    set_network                              0x08001b4d   Thumb Code   292  device.o(.text)
    set_default                              0x08001c71   Thumb Code   106  device.o(.text)
    write_config_to_eeprom                   0x08001cdb   Thumb Code    16  device.o(.text)
    get_config                               0x08001ceb   Thumb Code    48  device.o(.text)
    unescape_http_url                        0x08001de1   Thumb Code    62  httpd.o(.text)
    make_http_response_head                  0x08001e1f   Thumb Code   110  httpd.o(.text)
    find_http_uri_type                       0x08001e8d   Thumb Code   258  httpd.o(.text)
    parse_http_request                       0x08001f8f   Thumb Code   156  httpd.o(.text)
    get_http_param_value                     0x0800202b   Thumb Code   182  httpd.o(.text)
    make_cgi_response                        0x080023f3   Thumb Code    34  httpult.o(.text)
    cgi_ipconfig                             0x08002415   Thumb Code   488  httpult.o(.text)
    proc_http                                0x080025fd   Thumb Code   446  httpult.o(.text)
    do_http                                  0x080027bb   Thumb Code   356  httpult.o(.text)
    JTXD_proc_http                           0x0800291f   Thumb Code   460  httpult.o(.text)
    JTXD_do_http                             0x08002aeb   Thumb Code   182  httpult.o(.text)
    close                                    0x08002bb9   Thumb Code    52  socket.o(.text)
    socket                                   0x08002bed   Thumb Code   192  socket.o(.text)
    listen                                   0x08002cad   Thumb Code    62  socket.o(.text)
    connect                                  0x08002ceb   Thumb Code   248  socket.o(.text)
    disconnect                               0x08002de3   Thumb Code    38  socket.o(.text)
    send                                     0x08002e09   Thumb Code   216  socket.o(.text)
    recv                                     0x08002ee1   Thumb Code    66  socket.o(.text)
    sendto                                   0x08002f23   Thumb Code   268  socket.o(.text)
    recvfrom                                 0x0800302f   Thumb Code   510  socket.o(.text)
    WIZ_SPI_Init                             0x08003245   Thumb Code   160  spi2.o(.text)
    WIZ_CS                                   0x080032e5   Thumb Code    32  spi2.o(.text)
    SPI2_SendByte                            0x08003305   Thumb Code    50  spi2.o(.text)
    Systick_Init                             0x08003341   Thumb Code    56  ult.o(.text)
    Delay_ms                                 0x08003379   Thumb Code    54  ult.o(.text)
    Delay_s                                  0x080033af   Thumb Code    22  ult.o(.text)
    Delay_us                                 0x080033c5   Thumb Code    54  ult.o(.text)
    C2D                                      0x080033fb   Thumb Code    54  ult.o(.text)
    ATOI                                     0x08003431   Thumb Code    32  ult.o(.text)
    ATOI32                                   0x08003451   Thumb Code    32  ult.o(.text)
    itoa                                     0x08003471   Thumb Code    64  ult.o(.text)
    ValidATOI                                0x080034b1   Thumb Code    72  ult.o(.text)
    replacetochar                            0x080034f9   Thumb Code    26  ult.o(.text)
    swaps                                    0x08003513   Thumb Code    14  ult.o(.text)
    swapl                                    0x08003521   Thumb Code    28  ult.o(.text)
    mid                                      0x0800353d   Thumb Code    68  ult.o(.text)
    inet_addr_                               0x08003581   Thumb Code    90  ult.o(.text)
    JTXD_Password                            0x080035db   Thumb Code   184  ult.o(.text)
    JTXD_Param                               0x08003693   Thumb Code   132  ult.o(.text)
    JTXD_Val                                 0x08003717   Thumb Code   212  ult.o(.text)
    inet_ntoa                                0x080037eb   Thumb Code    40  ult.o(.text)
    inet_ntoa_pad                            0x08003813   Thumb Code    40  ult.o(.text)
    VerifyIPAddress_orig                     0x0800383b   Thumb Code   112  ult.o(.text)
    VerifyIPAddress                          0x080038ab   Thumb Code   118  ult.o(.text)
    GetDestAddr                              0x08003921   Thumb Code    40  ult.o(.text)
    GetDestPort                              0x08003949   Thumb Code    48  ult.o(.text)
    htons                                    0x08003979   Thumb Code    12  ult.o(.text)
    htonl                                    0x08003985   Thumb Code    12  ult.o(.text)
    ntohs                                    0x08003991   Thumb Code    12  ult.o(.text)
    ntohl                                    0x0800399d   Thumb Code    12  ult.o(.text)
    CheckDestInLocal                         0x080039a9   Thumb Code    62  ult.o(.text)
    getSocket                                0x080039e7   Thumb Code    42  ult.o(.text)
    checksum                                 0x08003a11   Thumb Code    76  ult.o(.text)
    USART1_Init                              0x08003a85   Thumb Code   124  usart.o(.text)
    fputc                                    0x08003b01   Thumb Code    32  usart.o(.text)
    USART1_Putc                              0x08003b21   Thumb Code    28  usart.o(.text)
    USART1_Puts                              0x08003b3d   Thumb Code    38  usart.o(.text)
    getISR                                   0x08003b6d   Thumb Code     8  w5500.o(.text)
    putISR                                   0x08003b75   Thumb Code     6  w5500.o(.text)
    getIINCHIP_RxMAX                         0x08003b7b   Thumb Code    10  w5500.o(.text)
    getIINCHIP_TxMAX                         0x08003b85   Thumb Code    10  w5500.o(.text)
    IINCHIP_CSoff                            0x08003b8f   Thumb Code    10  w5500.o(.text)
    IINCHIP_CSon                             0x08003b99   Thumb Code    10  w5500.o(.text)
    IINCHIP_SpiSendData                      0x08003ba3   Thumb Code    12  w5500.o(.text)
    IINCHIP_WRITE                            0x08003baf   Thumb Code    50  w5500.o(.text)
    IINCHIP_READ                             0x08003be1   Thumb Code    50  w5500.o(.text)
    wiz_write_buf                            0x08003c13   Thumb Code    80  w5500.o(.text)
    wiz_read_buf                             0x08003c63   Thumb Code    78  w5500.o(.text)
    setMR                                    0x08003cb1   Thumb Code    14  w5500.o(.text)
    iinchip_init                             0x08003cbf   Thumb Code    10  w5500.o(.text)
    sysinit                                  0x08003cc9   Thumb Code   302  w5500.o(.text)
    setGAR                                   0x08003df7   Thumb Code    16  w5500.o(.text)
    getGWIP                                  0x08003e07   Thumb Code    16  w5500.o(.text)
    setSUBR                                  0x08003e17   Thumb Code    18  w5500.o(.text)
    setSHAR                                  0x08003e29   Thumb Code    18  w5500.o(.text)
    setSIPR                                  0x08003e3b   Thumb Code    18  w5500.o(.text)
    getGAR                                   0x08003e4d   Thumb Code    16  w5500.o(.text)
    getSUBR                                  0x08003e5d   Thumb Code    18  w5500.o(.text)
    getSHAR                                  0x08003e6f   Thumb Code    18  w5500.o(.text)
    getSIPR                                  0x08003e81   Thumb Code    18  w5500.o(.text)
    getIR                                    0x08003e93   Thumb Code    12  w5500.o(.text)
    setRTR                                   0x08003e9f   Thumb Code    26  w5500.o(.text)
    setRCR                                   0x08003eb9   Thumb Code    16  w5500.o(.text)
    clearIR                                  0x08003ec9   Thumb Code    26  w5500.o(.text)
    setSn_MSS                                0x08003ee3   Thumb Code    36  w5500.o(.text)
    setSn_TTL                                0x08003f07   Thumb Code    22  w5500.o(.text)
    getSn_IR                                 0x08003f1d   Thumb Code    18  w5500.o(.text)
    getSn_SR                                 0x08003f2f   Thumb Code    18  w5500.o(.text)
    getSn_TX_FSR                             0x08003f41   Thumb Code   124  w5500.o(.text)
    getSn_RX_RSR                             0x08003fbd   Thumb Code    84  w5500.o(.text)
    send_data_processing                     0x08004011   Thumb Code   116  w5500.o(.text)
    recv_data_processing                     0x08004085   Thumb Code   116  w5500.o(.text)
    setSn_IR                                 0x080040f9   Thumb Code    22  w5500.o(.text)
    __aeabi_memcpy                           0x08004151   Thumb Code    36  memcpya.o(.text)
    __aeabi_memcpy4                          0x08004151   Thumb Code     0  memcpya.o(.text)
    __aeabi_memcpy8                          0x08004151   Thumb Code     0  memcpya.o(.text)
    __aeabi_memset                           0x08004175   Thumb Code    14  memseta.o(.text)
    __aeabi_memset4                          0x08004175   Thumb Code     0  memseta.o(.text)
    __aeabi_memset8                          0x08004175   Thumb Code     0  memseta.o(.text)
    __aeabi_memclr                           0x08004183   Thumb Code     4  memseta.o(.text)
    __aeabi_memclr4                          0x08004183   Thumb Code     0  memseta.o(.text)
    __aeabi_memclr8                          0x08004183   Thumb Code     0  memseta.o(.text)
    _memset$wrapper                          0x08004187   Thumb Code    18  memseta.o(.text)
    strcat                                   0x08004199   Thumb Code    24  strcat.o(.text)
    strstr                                   0x080041b1   Thumb Code    36  strstr.o(.text)
    strncpy                                  0x080041d5   Thumb Code    24  strncpy.o(.text)
    strlen                                   0x080041ed   Thumb Code    14  strlen.o(.text)
    strcmp                                   0x080041fb   Thumb Code    28  strcmp.o(.text)
    memcmp                                   0x08004217   Thumb Code    26  memcmp.o(.text)
    strcpy                                   0x08004231   Thumb Code    18  strcpy.o(.text)
    strtok                                   0x08004245   Thumb Code    62  strtok.o(.text)
    __aeabi_uidiv                            0x08004289   Thumb Code     0  uidiv.o(.text)
    __aeabi_uidivmod                         0x08004289   Thumb Code    44  uidiv.o(.text)
    __aeabi_uldivmod                         0x080042b5   Thumb Code    98  uldiv.o(.text)
    __I$use$fp                               0x08004317   Thumb Code     0  iusefp.o(.text)
    __aeabi_dadd                             0x08004317   Thumb Code   322  dadd.o(.text)
    __aeabi_dsub                             0x08004459   Thumb Code     6  dadd.o(.text)
    __aeabi_drsub                            0x0800445f   Thumb Code     6  dadd.o(.text)
    __aeabi_dmul                             0x08004465   Thumb Code   228  dmul.o(.text)
    __aeabi_ddiv                             0x08004549   Thumb Code   222  ddiv.o(.text)
    __aeabi_d2ulz                            0x08004627   Thumb Code    48  dfixul.o(.text)
    __aeabi_cdrcmple                         0x08004659   Thumb Code    38  cdrcmple.o(.text)
    __scatterload                            0x08004681   Thumb Code    28  init.o(.text)
    __scatterload_rt2                        0x08004681   Thumb Code     0  init.o(.text)
    __aeabi_llsl                             0x080046a5   Thumb Code    30  llshl.o(.text)
    _ll_shift_l                              0x080046a5   Thumb Code     0  llshl.o(.text)
    __aeabi_llsr                             0x080046c3   Thumb Code    32  llushr.o(.text)
    _ll_ushift_r                             0x080046c3   Thumb Code     0  llushr.o(.text)
    __aeabi_lasr                             0x080046e3   Thumb Code    36  llsshr.o(.text)
    _ll_sshift_r                             0x080046e3   Thumb Code     0  llsshr.o(.text)
    _double_round                            0x08004707   Thumb Code    26  depilogue.o(.text)
    _double_epilogue                         0x08004721   Thumb Code   164  depilogue.o(.text)
    __0printf                                0x080047c5   Thumb Code    22  printfa.o(i.__0printf)
    __1printf                                0x080047c5   Thumb Code     0  printfa.o(i.__0printf)
    __2printf$full                           0x080047c5   Thumb Code     0  printfa.o(i.__0printf)
    __c89printf                              0x080047c5   Thumb Code     0  printfa.o(i.__0printf)
    printf                                   0x080047c5   Thumb Code     0  printfa.o(i.__0printf)
    __0printf$8                              0x080047e5   Thumb Code    22  printf8.o(i.__0printf$8)
    __1printf$8                              0x080047e5   Thumb Code     0  printf8.o(i.__0printf$8)
    __2printf                                0x080047e5   Thumb Code     0  printf8.o(i.__0printf$8)
    __0sprintf$8                             0x08004805   Thumb Code    34  printf8.o(i.__0sprintf$8)
    __1sprintf$8                             0x08004805   Thumb Code     0  printf8.o(i.__0sprintf$8)
    __2sprintf                               0x08004805   Thumb Code     0  printf8.o(i.__0sprintf$8)
    __scatterload_copy                       0x0800482d   Thumb Code    14  handlers.o(i.__scatterload_copy)
    __scatterload_null                       0x0800483b   Thumb Code     2  handlers.o(i.__scatterload_null)
    __scatterload_zeroinit                   0x0800483d   Thumb Code    14  handlers.o(i.__scatterload_zeroinit)
    Region$$Table$$Base                      0x08006f34   Number         0  anon$$obj.o(Region$$Table)
    Region$$Table$$Limit                     0x08006f54   Number         0  anon$$obj.o(Region$$Table)
    reboot_flag                              0x20000000   Data           1  main.o(.data)
    SystemCoreClock                          0x20000004   Data           4  system_stm32f10x.o(.data)
    AHBPrescTable                            0x20000008   Data          16  system_stm32f10x.o(.data)
    txsize                                   0x2000002c   Data           8  device.o(.data)
    rxsize                                   0x20000034   Data           8  device.o(.data)
    __stdout                                 0x20000050   Data           4  stdout.o(.data)
    STMFLASH_BUF                             0x20000054   Data        1024  flash.o(.bss)
    buf                                      0x20000454   Data          50  flash.o(.bss)
    ConfigMsg                                0x20000486   Data          54  device.o(.bss)
    RecvMsg                                  0x200004bc   Data          54  device.o(.bss)
    pub_buf                                  0x200004f2   Data        1460  device.o(.bss)
    Buf                                      0x20000aa6   Data         100  device.o(.bss)
    tx_buf                                   0x20000b0a   Data        1460  httpd.o(.bss)
    rx_buf                                   0x200010be   Data        1460  httpd.o(.bss)
    __initial_sp                             0x20001ac8   Data           0  startup_stm32f10x_hd.o(STACK)



==============================================================================

Memory Map of the image

  Image Entry point : 0x08000131

  Load Region LR_IROM1 (Base: 0x08000000, Size: 0x00006fa8, Max: 0x00010000, ABSOLUTE)

    Execution Region ER_IROM1 (Base: 0x08000000, Size: 0x00006f54, Max: 0x00010000, ABSOLUTE)

    Base Addr    Size         Type   Attr      Idx    E Section Name        Object

    0x08000000   0x00000130   Data   RO          218    RESET               startup_stm32f10x_hd.o
    0x08000130   0x00000000   Code   RO          558  * .ARM.Collect$$$$00000000  mc_w.l(entry.o)
    0x08000130   0x00000004   Code   RO          848    .ARM.Collect$$$$00000001  mc_w.l(entry2.o)
    0x08000134   0x00000004   Code   RO          851    .ARM.Collect$$$$00000004  mc_w.l(entry5.o)
    0x08000138   0x00000000   Code   RO          853    .ARM.Collect$$$$00000008  mc_w.l(entry7b.o)
    0x08000138   0x00000000   Code   RO          855    .ARM.Collect$$$$0000000A  mc_w.l(entry8b.o)
    0x08000138   0x00000008   Code   RO          856    .ARM.Collect$$$$0000000B  mc_w.l(entry9a.o)
    0x08000140   0x00000000   Code   RO          858    .ARM.Collect$$$$0000000D  mc_w.l(entry10a.o)
    0x08000140   0x00000000   Code   RO          860    .ARM.Collect$$$$0000000F  mc_w.l(entry11a.o)
    0x08000140   0x00000004   Code   RO          849    .ARM.Collect$$$$00002712  mc_w.l(entry2.o)
    0x08000144   0x00000110   Code   RO            1    .text               main.o
    0x08000254   0x0000001a   Code   RO          149    .text               stm32f10x_it.o
    0x0800026e   0x00000002   PAD
    0x08000270   0x000001dc   Code   RO          179    .text               system_stm32f10x.o
    0x0800044c   0x00000024   Code   RO          219    .text               startup_stm32f10x_hd.o
    0x08000470   0x000005bc   Code   RO          247    .text               stm32f10x_flash.o
    0x08000a2c   0x00000358   Code   RO          259    .text               stm32f10x_gpio.o
    0x08000d84   0x000003a4   Code   RO          271    .text               stm32f10x_rcc.o
    0x08001128   0x0000030c   Code   RO          285    .text               stm32f10x_spi.o
    0x08001434   0x00000408   Code   RO          309    .text               stm32f10x_usart.o
    0x0800183c   0x00000270   Code   RO          321    .text               flash.o
    0x08001aac   0x00000334   Code   RO          353    .text               device.o
    0x08001de0   0x0000050c   Code   RO          379    .text               httpd.o
    0x080022ec   0x000008cc   Code   RO          402    .text               httpult.o
    0x08002bb8   0x0000068c   Code   RO          460    .text               socket.o
    0x08003244   0x000000fc   Code   RO          478    .text               spi2.o
    0x08003340   0x00000744   Code   RO          493    .text               ult.o
    0x08003a84   0x000000e8   Code   RO          522    .text               usart.o
    0x08003b6c   0x000005e4   Code   RO          537    .text               w5500.o
    0x08004150   0x00000024   Code   RO          561    .text               mc_w.l(memcpya.o)
    0x08004174   0x00000024   Code   RO          563    .text               mc_w.l(memseta.o)
    0x08004198   0x00000018   Code   RO          565    .text               mc_w.l(strcat.o)
    0x080041b0   0x00000024   Code   RO          567    .text               mc_w.l(strstr.o)
    0x080041d4   0x00000018   Code   RO          569    .text               mc_w.l(strncpy.o)
    0x080041ec   0x0000000e   Code   RO          571    .text               mc_w.l(strlen.o)
    0x080041fa   0x0000001c   Code   RO          573    .text               mc_w.l(strcmp.o)
    0x08004216   0x0000001a   Code   RO          575    .text               mc_w.l(memcmp.o)
    0x08004230   0x00000012   Code   RO          577    .text               mc_w.l(strcpy.o)
    0x08004242   0x00000002   PAD
    0x08004244   0x00000044   Code   RO          579    .text               mc_w.l(strtok.o)
    0x08004288   0x0000002c   Code   RO          863    .text               mc_w.l(uidiv.o)
    0x080042b4   0x00000062   Code   RO          865    .text               mc_w.l(uldiv.o)
    0x08004316   0x00000000   Code   RO          867    .text               mc_w.l(iusefp.o)
    0x08004316   0x0000014e   Code   RO          868    .text               mf_w.l(dadd.o)
    0x08004464   0x000000e4   Code   RO          870    .text               mf_w.l(dmul.o)
    0x08004548   0x000000de   Code   RO          872    .text               mf_w.l(ddiv.o)
    0x08004626   0x00000030   Code   RO          874    .text               mf_w.l(dfixul.o)
    0x08004656   0x00000002   PAD
    0x08004658   0x00000028   Code   RO          876    .text               mf_w.l(cdrcmple.o)
    0x08004680   0x00000024   Code   RO          878    .text               mc_w.l(init.o)
    0x080046a4   0x0000001e   Code   RO          880    .text               mc_w.l(llshl.o)
    0x080046c2   0x00000020   Code   RO          882    .text               mc_w.l(llushr.o)
    0x080046e2   0x00000024   Code   RO          884    .text               mc_w.l(llsshr.o)
    0x08004706   0x000000be   Code   RO          886    .text               mf_w.l(depilogue.o)
    0x080047c4   0x00000020   Code   RO          820    i.__0printf         mc_w.l(printfa.o)
    0x080047e4   0x00000020   Code   RO          794    i.__0printf$8       mc_w.l(printf8.o)
    0x08004804   0x00000028   Code   RO          796    i.__0sprintf$8      mc_w.l(printf8.o)
    0x0800482c   0x0000000e   Code   RO          890    i.__scatterload_copy  mc_w.l(handlers.o)
    0x0800483a   0x00000002   Code   RO          891    i.__scatterload_null  mc_w.l(handlers.o)
    0x0800483c   0x0000000e   Code   RO          892    i.__scatterload_zeroinit  mc_w.l(handlers.o)
    0x0800484a   0x00000002   PAD
    0x0800484c   0x0000015c   Code   RO          827    i._fp_digits        mc_w.l(printfa.o)
    0x080049a8   0x00000408   Code   RO          801    i._printf_core      mc_w.l(printf8.o)
    0x08004db0   0x000006f0   Code   RO          828    i._printf_core      mc_w.l(printfa.o)
    0x080054a0   0x00000026   Code   RO          802    i._printf_post_padding  mc_w.l(printf8.o)
    0x080054c6   0x00000026   Code   RO          829    i._printf_post_padding  mc_w.l(printfa.o)
    0x080054ec   0x00000030   Code   RO          803    i._printf_pre_padding  mc_w.l(printf8.o)
    0x0800551c   0x00000030   Code   RO          830    i._printf_pre_padding  mc_w.l(printfa.o)
    0x0800554c   0x0000000a   Code   RO          805    i._sputc            mc_w.l(printf8.o)
    0x08005556   0x00000002   PAD
    0x08005558   0x00000091   Data   RO          381    .constdata          httpd.o
    0x080055e9   0x00000003   PAD
    0x080055ec   0x00001948   Data   RO          404    .constdata          httpult.o
    0x08006f34   0x00000020   Data   RO          888    Region$$Table       anon$$obj.o


    Execution Region RW_IRAM1 (Base: 0x20000000, Size: 0x00001ac8, Max: 0x00005000, ABSOLUTE)

    Base Addr    Size         Type   Attr      Idx    E Section Name        Object

    0x20000000   0x00000001   Data   RW            2    .data               main.o
    0x20000001   0x00000003   PAD
    0x20000004   0x00000014   Data   RW          180    .data               system_stm32f10x.o
    0x20000018   0x00000014   Data   RW          272    .data               stm32f10x_rcc.o
    0x2000002c   0x00000010   Data   RW          355    .data               device.o
    0x2000003c   0x00000002   Data   RW          461    .data               socket.o
    0x2000003e   0x00000004   Data   RW          495    .data               ult.o
    0x20000042   0x00000008   Data   RW          539    .data               w5500.o
    0x2000004a   0x00000002   PAD
    0x2000004c   0x00000004   Data   RW          580    .data               mc_w.l(strtok.o)
    0x20000050   0x00000004   Data   RW          862    .data               mc_w.l(stdout.o)
    0x20000054   0x00000432   Zero   RW          322    .bss                flash.o
    0x20000486   0x00000684   Zero   RW          354    .bss                device.o
    0x20000b0a   0x00000b68   Zero   RW          380    .bss                httpd.o
    0x20001672   0x00000030   Zero   RW          494    .bss                ult.o
    0x200016a2   0x00000020   Zero   RW          538    .bss                w5500.o
    0x200016c2   0x00000006   PAD
    0x200016c8   0x00000400   Zero   RW          216    STACK               startup_stm32f10x_hd.o


==============================================================================

Image component sizes


      Code (inc. data)   RO Data    RW Data    ZI Data      Debug   Object Name

         0          0          0          0          0         32   core_cm3.o
       820        198          0         16       1668       4922   device.o
       624         16          0          0       1074       3589   flash.o
      1292        524        145          0       2920       5770   httpd.o
      2252        192       6472          0          0       7075   httpult.o
       272        122          0          1          0     261044   main.o
      1676         48          0          2          0       4006   socket.o
       252         10          0          0          0        908   spi2.o
        36          8        304          0       1024        736   startup_stm32f10x_hd.o
      1468         34          0          0          0       7862   stm32f10x_flash.o
       856         40          0          0          0       5473   stm32f10x_gpio.o
        26          0          0          0          0       1150   stm32f10x_it.o
       932         44          0         20          0       8580   stm32f10x_rcc.o
       780         14          0          0          0       6358   stm32f10x_spi.o
      1032         22          0          0          0       8200   stm32f10x_usart.o
       476         36          0         20          0       1627   system_stm32f10x.o
      1860         56          0          4         48       8852   ult.o
       232         10          0          0          0       1092   usart.o
      1508        104          0          8         32       7711   w5500.o

    ----------------------------------------------------------------------
     16396       1478       6956         76       6772     344987   Object Totals
         0          0         32          0          0          0   (incl. Generated)
         2          0          3          5          6          0   (incl. Padding)

    ----------------------------------------------------------------------

      Code (inc. data)   RO Data    RW Data    ZI Data      Debug   Library Member Name

         0          0          0          0          0          0   entry.o
         0          0          0          0          0          0   entry10a.o
         0          0          0          0          0          0   entry11a.o
         8          4          0          0          0          0   entry2.o
         4          0          0          0          0          0   entry5.o
         0          0          0          0          0          0   entry7b.o
         0          0          0          0          0          0   entry8b.o
         8          4          0          0          0          0   entry9a.o
        30          0          0          0          0          0   handlers.o
        36          8          0          0          0         68   init.o
         0          0          0          0          0          0   iusefp.o
        30          0          0          0          0         68   llshl.o
        36          0          0          0          0         68   llsshr.o
        32          0          0          0          0         68   llushr.o
        26          0          0          0          0         80   memcmp.o
        36          0          0          0          0         68   memcpya.o
        36          0          0          0          0        108   memseta.o
      1200         60          0          0          0        504   printf8.o
      2242         90          0          0          0        444   printfa.o
         0          0          0          4          0          0   stdout.o
        24          0          0          0          0         68   strcat.o
        28          0          0          0          0         76   strcmp.o
        18          0          0          0          0         68   strcpy.o
        14          0          0          0          0         68   strlen.o
        24          0          0          0          0         76   strncpy.o
        36          0          0          0          0         80   strstr.o
        68          6          0          4          0         80   strtok.o
        44          0          0          0          0         80   uidiv.o
        98          0          0          0          0         92   uldiv.o
        40          2          0          0          0         68   cdrcmple.o
       334          0          0          0          0        148   dadd.o
       222          0          0          0          0        100   ddiv.o
       190          0          0          0          0        176   depilogue.o
        48          0          0          0          0         68   dfixul.o
       228          0          0          0          0         96   dmul.o

    ----------------------------------------------------------------------
      5148        174          0          8          0       2820   Library Totals
         8          0          0          0          0          0   (incl. Padding)

    ----------------------------------------------------------------------

      Code (inc. data)   RO Data    RW Data    ZI Data      Debug   Library Name

      4078        172          0          8          0       2164   mc_w.l
      1062          2          0          0          0        656   mf_w.l

    ----------------------------------------------------------------------
      5148        174          0          8          0       2820   Library Totals

    ----------------------------------------------------------------------

==============================================================================


      Code (inc. data)   RO Data    RW Data    ZI Data      Debug   

     21544       1652       6956         84       6772     344583   Grand Totals
     21544       1652       6956         84       6772     344583   ELF Image Totals
     21544       1652       6956         84          0          0   ROM Totals

==============================================================================

    Total RO  Size (Code + RO Data)                28500 (  27.83kB)
    Total RW  Size (RW Data + ZI Data)              6856 (   6.70kB)
    Total ROM Size (Code + RO Data + RW Data)      28584 (  27.91kB)

==============================================================================

